earnings__logearn_interaction nuts-ref 84201: nuts-ref seed 84201: wall 36.8s min bulk ESS 1833 (mean 2216) rhat 1.003 grads 1250646 leaves 1250646 ESS/grad*1e3 1.466 ESS/orbit 0.229 leaves/orbit 156.3 grads/leaf 1.000 (37s)
earnings__logearn_interaction walnuts 84201: walnuts seed 84201: wall 6.1s min bulk ESS 433 (mean 491) rhat 1.010 grads 324245 leaves 322475 ESS/grad*1e3 1.335 ESS/orbit 0.054 leaves/orbit 40.3 grads/leaf 1.005 (7s)
earnings__logearn_interaction walnuts+cross 84201: walnuts+cross seed 84201: wall 5.2s min bulk ESS 361 (mean 381) rhat 1.018 grads 297575 leaves 295919 ESS/grad*1e3 1.213 ESS/orbit 0.045 leaves/orbit 37.0 grads/leaf 1.006 (7s)
earnings__logearn_interaction walnuts+rhosum 84201: walnuts+rhosum seed 84201: wall 18.2s min bulk ESS 1701 (mean 2076) rhat 1.002 grads 1206488 leaves 1202786 ESS/grad*1e3 1.410 ESS/orbit 0.213 leaves/orbit 150.3 grads/leaf 1.003 (19s)
earnings__logearn_interaction walnuts+delta1000 84201: walnuts+delta1000 seed 84201: wall 4.4s min bulk ESS 339 (mean 362) rhat 1.011 grads 309552 leaves 309548 ESS/grad*1e3 1.094 ESS/orbit 0.042 leaves/orbit 38.7 grads/leaf 1.000 (5s)
earnings__logearn_interaction walnuts+levels1 84201: walnuts+levels1 seed 84201: wall 4.4s min bulk ESS 339 (mean 362) rhat 1.011 grads 309552 leaves 309548 ESS/grad*1e3 1.094 ESS/orbit 0.042 leaves/orbit 38.7 grads/leaf 1.000 (5s)
earnings__logearn_interaction walnuts+levels1+rhosum 84201: walnuts+levels1+rhosum seed 84201: wall 33.1s min bulk ESS 1959 (mean 2363) rhat 1.002 grads 1232820 leaves 1232816 ESS/grad*1e3 1.589 ESS/orbit 0.245 leaves/orbit 154.1 grads/leaf 1.000 (34s)
earnings__logearn_interaction walnuts+accept 84201: walnuts+accept seed 84201: wall 7.2s min bulk ESS 433 (mean 491) rhat 1.010 grads 324245 leaves 322475 ESS/grad*1e3 1.335 ESS/orbit 0.054 leaves/orbit 40.3 grads/leaf 1.005 (8s)
kidiq__kidscore_momhsiq nuts-ref 84201: nuts-ref seed 84201: wall 1.4s min bulk ESS 3039 (mean 4217) rhat 1.001 grads 236670 leaves 236670 ESS/grad*1e3 12.843 ESS/orbit 0.380 leaves/orbit 29.6 grads/leaf 1.000 (3s)
kidiq__kidscore_momhsiq walnuts 84201: walnuts seed 84201: wall 0.8s min bulk ESS 1147 (mean 1380) rhat 1.005 grads 118892 leaves 117950 ESS/grad*1e3 9.650 ESS/orbit 0.143 leaves/orbit 14.7 grads/leaf 1.008 (2s)
kidiq__kidscore_momhsiq walnuts+cross 84201: walnuts+cross seed 84201: wall 0.6s min bulk ESS 710 (mean 1000) rhat 1.006 grads 107853 leaves 106792 ESS/grad*1e3 6.581 ESS/orbit 0.089 leaves/orbit 13.3 grads/leaf 1.010 (2s)
kidiq__kidscore_momhsiq walnuts+rhosum 84201: walnuts+rhosum seed 84201: wall 0.9s min bulk ESS 2661 (mean 3954) rhat 1.000 grads 233447 leaves 231188 ESS/grad*1e3 11.400 ESS/orbit 0.333 leaves/orbit 28.9 grads/leaf 1.010 (2s)
kidiq__kidscore_momhsiq walnuts+delta1000 84201: walnuts+delta1000 seed 84201: wall 0.6s min bulk ESS 1032 (mean 1235) rhat 1.003 grads 113596 leaves 113592 ESS/grad*1e3 9.084 ESS/orbit 0.129 leaves/orbit 14.2 grads/leaf 1.000 (1s)
kidiq__kidscore_momhsiq walnuts+levels1 84201: walnuts+levels1 seed 84201: wall 0.5s min bulk ESS 1032 (mean 1235) rhat 1.003 grads 113596 leaves 113592 ESS/grad*1e3 9.084 ESS/orbit 0.129 leaves/orbit 14.2 grads/leaf 1.000 (1s)
kidiq__kidscore_momhsiq walnuts+levels1+rhosum 84201: walnuts+levels1+rhosum seed 84201: wall 0.9s min bulk ESS 2966 (mean 4126) rhat 1.001 grads 233280 leaves 233276 ESS/grad*1e3 12.714 ESS/orbit 0.371 leaves/orbit 29.2 grads/leaf 1.000 (1s)
kidiq__kidscore_momhsiq walnuts+accept 84201: walnuts+accept seed 84201: wall 0.4s min bulk ESS 1147 (mean 1380) rhat 1.005 grads 118892 leaves 117950 ESS/grad*1e3 9.650 ESS/orbit 0.143 leaves/orbit 14.7 grads/leaf 1.008 (1s)
mesquite__logmesquite_logvash nuts-ref 84201: nuts-ref seed 84201: wall 0.4s min bulk ESS 2777 (mean 3828) rhat 1.002 grads 390366 leaves 390366 ESS/grad*1e3 7.114 ESS/orbit 0.347 leaves/orbit 48.8 grads/leaf 1.000 (1s)
mesquite__logmesquite_logvash walnuts 84201: walnuts seed 84201: wall 0.4s min bulk ESS 2134 (mean 2543) rhat 1.001 grads 323972 leaves 320923 ESS/grad*1e3 6.588 ESS/orbit 0.267 leaves/orbit 40.1 grads/leaf 1.010 (1s)
mesquite__logmesquite_logvash walnuts+cross 84201: walnuts+cross seed 84201: wall 0.4s min bulk ESS 1828 (mean 2359) rhat 1.002 grads 307405 leaves 304581 ESS/grad*1e3 5.947 ESS/orbit 0.229 leaves/orbit 38.1 grads/leaf 1.009 (1s)
mesquite__logmesquite_logvash walnuts+rhosum 84201: walnuts+rhosum seed 84201: wall 0.5s min bulk ESS 2709 (mean 3380) rhat 1.002 grads 378892 leaves 373575 ESS/grad*1e3 7.150 ESS/orbit 0.339 leaves/orbit 46.7 grads/leaf 1.014 (1s)
mesquite__logmesquite_logvash walnuts+delta1000 84201: walnuts+delta1000 seed 84201: wall 0.4s min bulk ESS 2274 (mean 2747) rhat 1.002 grads 328300 leaves 328296 ESS/grad*1e3 6.925 ESS/orbit 0.284 leaves/orbit 41.0 grads/leaf 1.000 (1s)
mesquite__logmesquite_logvash walnuts+levels1 84201: walnuts+levels1 seed 84201: wall 0.4s min bulk ESS 2274 (mean 2747) rhat 1.002 grads 328300 leaves 328296 ESS/grad*1e3 6.925 ESS/orbit 0.284 leaves/orbit 41.0 grads/leaf 1.000 (1s)
mesquite__logmesquite_logvash walnuts+levels1+rhosum 84201: walnuts+levels1+rhosum seed 84201: wall 0.4s min bulk ESS 2935 (mean 3746) rhat 1.001 grads 393196 leaves 393192 ESS/grad*1e3 7.465 ESS/orbit 0.367 leaves/orbit 49.1 grads/leaf 1.000 (1s)
mesquite__logmesquite_logvash walnuts+accept 84201: walnuts+accept seed 84201: wall 0.4s min bulk ESS 2134 (mean 2543) rhat 1.001 grads 323972 leaves 320923 ESS/grad*1e3 6.588 ESS/orbit 0.267 leaves/orbit 40.1 grads/leaf 1.010 (1s)
nes2000__nes nuts-ref 84201: nuts-ref seed 84201: wall 5.4s min bulk ESS 3847 (mean 5290) rhat 1.002 grads 399540 leaves 399540 ESS/grad*1e3 9.628 ESS/orbit 0.481 leaves/orbit 49.9 grads/leaf 1.000 (6s)
nes2000__nes walnuts 84201: walnuts seed 84201: wall 3.9s min bulk ESS 1593 (mean 2246) rhat 1.004 grads 266981 leaves 265686 ESS/grad*1e3 5.968 ESS/orbit 0.199 leaves/orbit 33.2 grads/leaf 1.005 (5s)
nes2000__nes walnuts+cross 84201: walnuts+cross seed 84201: wall 4.0s min bulk ESS 1584 (mean 2014) rhat 1.003 grads 251290 leaves 250242 ESS/grad*1e3 6.302 ESS/orbit 0.198 leaves/orbit 31.3 grads/leaf 1.004 (5s)
nes2000__nes walnuts+rhosum 84201: walnuts+rhosum seed 84201: wall 5.0s min bulk ESS 3516 (mean 4953) rhat 1.002 grads 389894 leaves 386784 ESS/grad*1e3 9.018 ESS/orbit 0.440 leaves/orbit 48.3 grads/leaf 1.008 (6s)
nes2000__nes walnuts+delta1000 84201: walnuts+delta1000 seed 84201: wall 3.6s min bulk ESS 1789 (mean 2348) rhat 1.002 grads 268918 leaves 268914 ESS/grad*1e3 6.652 ESS/orbit 0.224 leaves/orbit 33.6 grads/leaf 1.000 (4s)
nes2000__nes walnuts+levels1 84201: walnuts+levels1 seed 84201: wall 3.5s min bulk ESS 1789 (mean 2348) rhat 1.002 grads 268918 leaves 268914 ESS/grad*1e3 6.652 ESS/orbit 0.224 leaves/orbit 33.6 grads/leaf 1.000 (4s)
nes2000__nes walnuts+levels1+rhosum 84201: walnuts+levels1+rhosum seed 84201: wall 5.0s min bulk ESS 3665 (mean 5088) rhat 1.001 grads 399210 leaves 399206 ESS/grad*1e3 9.180 ESS/orbit 0.458 leaves/orbit 49.9 grads/leaf 1.000 (6s)
nes2000__nes walnuts+accept 84201: walnuts+accept seed 84201: wall 3.4s min bulk ESS 1593 (mean 2246) rhat 1.004 grads 266981 leaves 265686 ESS/grad*1e3 5.968 ESS/orbit 0.199 leaves/orbit 33.2 grads/leaf 1.005 (4s)
garch__garch11 nuts-ref 84201: nuts-ref seed 84201: wall 0.5s min bulk ESS 3943 (mean 4507) rhat 1.001 grads 88806 leaves 88806 ESS/grad*1e3 44.398 ESS/orbit 0.493 leaves/orbit 11.1 grads/leaf 1.000 (1s)
garch__garch11 walnuts 84201: walnuts seed 84201: wall 0.4s min bulk ESS 2403 (mean 2535) rhat 1.002 grads 65321 leaves 62953 ESS/grad*1e3 36.795 ESS/orbit 0.300 leaves/orbit 7.9 grads/leaf 1.038 (1s)
garch__garch11 walnuts+cross 84201: walnuts+cross seed 84201: wall 0.4s min bulk ESS 1990 (mean 2079) rhat 1.002 grads 61651 leaves 59253 ESS/grad*1e3 32.273 ESS/orbit 0.249 leaves/orbit 7.4 grads/leaf 1.040 (1s)
garch__garch11 walnuts+rhosum 84201: walnuts+rhosum seed 84201: wall 0.5s min bulk ESS 3470 (mean 4037) rhat 1.001 grads 89654 leaves 86186 ESS/grad*1e3 38.701 ESS/orbit 0.434 leaves/orbit 10.8 grads/leaf 1.040 (1s)
garch__garch11 walnuts+delta1000 84201: walnuts+delta1000 seed 84201: wall 0.4s min bulk ESS 2196 (mean 2494) rhat 1.002 grads 63246 leaves 63242 ESS/grad*1e3 34.722 ESS/orbit 0.275 leaves/orbit 7.9 grads/leaf 1.000 (1s)
garch__garch11 walnuts+levels1 84201: walnuts+levels1 seed 84201: wall 0.4s min bulk ESS 2196 (mean 2494) rhat 1.002 grads 63246 leaves 63242 ESS/grad*1e3 34.722 ESS/orbit 0.275 leaves/orbit 7.9 grads/leaf 1.000 (1s)
garch__garch11 walnuts+levels1+rhosum 84201: walnuts+levels1+rhosum seed 84201: wall 0.6s min bulk ESS 3482 (mean 4234) rhat 1.001 grads 88474 leaves 88470 ESS/grad*1e3 39.360 ESS/orbit 0.435 leaves/orbit 11.1 grads/leaf 1.000 (1s)
garch__garch11 walnuts+accept 84201: walnuts+accept seed 84201: wall 0.4s min bulk ESS 2403 (mean 2535) rhat 1.002 grads 65321 leaves 62953 ESS/grad*1e3 36.795 ESS/orbit 0.300 leaves/orbit 7.9 grads/leaf 1.038 (1s)
arK__arK nuts-ref 84201: nuts-ref seed 84201: wall 1.8s min bulk ESS 5581 (mean 6471) rhat 1.001 grads 263148 leaves 263148 ESS/grad*1e3 21.208 ESS/orbit 0.698 leaves/orbit 32.9 grads/leaf 1.000 (2s)
arK__arK walnuts 84201: walnuts seed 84201: wall 1.6s min bulk ESS 4024 (mean 4716) rhat 1.003 grads 244164 leaves 242398 ESS/grad*1e3 16.480 ESS/orbit 0.503 leaves/orbit 30.3 grads/leaf 1.007 (2s)
arK__arK walnuts+cross 84201: walnuts+cross seed 84201: wall 1.5s min bulk ESS 4158 (mean 4706) rhat 1.002 grads 237414 leaves 235862 ESS/grad*1e3 17.515 ESS/orbit 0.520 leaves/orbit 29.5 grads/leaf 1.007 (2s)
arK__arK walnuts+rhosum 84201: walnuts+rhosum seed 84201: wall 1.7s min bulk ESS 4910 (mean 5639) rhat 1.002 grads 260179 leaves 258071 ESS/grad*1e3 18.872 ESS/orbit 0.614 leaves/orbit 32.3 grads/leaf 1.008 (2s)
arK__arK walnuts+delta1000 84201: walnuts+delta1000 seed 84201: wall 1.5s min bulk ESS 4205 (mean 4962) rhat 1.002 grads 247508 leaves 247504 ESS/grad*1e3 16.991 ESS/orbit 0.526 leaves/orbit 30.9 grads/leaf 1.000 (2s)
arK__arK walnuts+levels1 84201: walnuts+levels1 seed 84201: wall 1.5s min bulk ESS 4205 (mean 4962) rhat 1.002 grads 247508 leaves 247504 ESS/grad*1e3 16.991 ESS/orbit 0.526 leaves/orbit 30.9 grads/leaf 1.000 (2s)
arK__arK walnuts+levels1+rhosum 84201: walnuts+levels1+rhosum seed 84201: wall 1.8s min bulk ESS 4434 (mean 5885) rhat 1.001 grads 262500 leaves 262496 ESS/grad*1e3 16.892 ESS/orbit 0.554 leaves/orbit 32.8 grads/leaf 1.000 (2s)
arK__arK walnuts+accept 84201: walnuts+accept seed 84201: wall 1.6s min bulk ESS 4024 (mean 4716) rhat 1.003 grads 244164 leaves 242398 ESS/grad*1e3 16.480 ESS/orbit 0.503 leaves/orbit 30.3 grads/leaf 1.007 (2s)
earnings__logearn_interaction nuts-ref 84202: nuts-ref seed 84202: wall 15.9s min bulk ESS 2270 (mean 2597) rhat 1.003 grads 1276776 leaves 1276776 ESS/grad*1e3 1.778 ESS/orbit 0.284 leaves/orbit 159.6 grads/leaf 1.000 (16s)
earnings__logearn_interaction walnuts 84202: walnuts seed 84202: wall 4.6s min bulk ESS 434 (mean 480) rhat 1.010 grads 327154 leaves 325388 ESS/grad*1e3 1.327 ESS/orbit 0.054 leaves/orbit 40.7 grads/leaf 1.005 (5s)
earnings__logearn_interaction walnuts+cross 84202: walnuts+cross seed 84202: wall 4.1s min bulk ESS 211 (mean 295) rhat 1.028 grads 291088 leaves 289352 ESS/grad*1e3 0.726 ESS/orbit 0.026 leaves/orbit 36.2 grads/leaf 1.006 (5s)
earnings__logearn_interaction walnuts+rhosum 84202: walnuts+rhosum seed 84202: wall 15.5s min bulk ESS 1797 (mean 2082) rhat 1.002 grads 1212387 leaves 1208020 ESS/grad*1e3 1.482 ESS/orbit 0.225 leaves/orbit 151.0 grads/leaf 1.004 (16s)
earnings__logearn_interaction walnuts+delta1000 84202: walnuts+delta1000 seed 84202: wall 4.2s min bulk ESS 364 (mean 414) rhat 1.009 grads 330984 leaves 330980 ESS/grad*1e3 1.099 ESS/orbit 0.045 leaves/orbit 41.4 grads/leaf 1.000 (5s)
earnings__logearn_interaction walnuts+levels1 84202: walnuts+levels1 seed 84202: wall 4.2s min bulk ESS 364 (mean 414) rhat 1.009 grads 330984 leaves 330980 ESS/grad*1e3 1.099 ESS/orbit 0.045 leaves/orbit 41.4 grads/leaf 1.000 (5s)
earnings__logearn_interaction walnuts+levels1+rhosum 84202: walnuts+levels1+rhosum seed 84202: wall 14.2s min bulk ESS 1940 (mean 2382) rhat 1.002 grads 1264300 leaves 1264296 ESS/grad*1e3 1.534 ESS/orbit 0.242 leaves/orbit 158.0 grads/leaf 1.000 (15s)
earnings__logearn_interaction walnuts+accept 84202: walnuts+accept seed 84202: wall 4.4s min bulk ESS 434 (mean 480) rhat 1.010 grads 327154 leaves 325388 ESS/grad*1e3 1.327 ESS/orbit 0.054 leaves/orbit 40.7 grads/leaf 1.005 (5s)
kidiq__kidscore_momhsiq nuts-ref 84202: nuts-ref seed 84202: wall 0.8s min bulk ESS 3028 (mean 4142) rhat 1.002 grads 233612 leaves 233612 ESS/grad*1e3 12.961 ESS/orbit 0.378 leaves/orbit 29.2 grads/leaf 1.000 (1s)
kidiq__kidscore_momhsiq walnuts 84202: walnuts seed 84202: wall 0.4s min bulk ESS 956 (mean 1185) rhat 1.006 grads 114731 leaves 113658 ESS/grad*1e3 8.337 ESS/orbit 0.120 leaves/orbit 14.2 grads/leaf 1.009 (1s)
kidiq__kidscore_momhsiq walnuts+cross 84202: walnuts+cross seed 84202: wall 0.4s min bulk ESS 881 (mean 1098) rhat 1.004 grads 110119 leaves 109158 ESS/grad*1e3 7.998 ESS/orbit 0.110 leaves/orbit 13.6 grads/leaf 1.009 (1s)
kidiq__kidscore_momhsiq walnuts+rhosum 84202: walnuts+rhosum seed 84202: wall 0.8s min bulk ESS 2359 (mean 3293) rhat 1.003 grads 230267 leaves 227716 ESS/grad*1e3 10.245 ESS/orbit 0.295 leaves/orbit 28.5 grads/leaf 1.011 (1s)
kidiq__kidscore_momhsiq walnuts+delta1000 84202: walnuts+delta1000 seed 84202: wall 0.4s min bulk ESS 1179 (mean 1373) rhat 1.007 grads 116666 leaves 116662 ESS/grad*1e3 10.102 ESS/orbit 0.147 leaves/orbit 14.6 grads/leaf 1.000 (1s)
kidiq__kidscore_momhsiq walnuts+levels1 84202: walnuts+levels1 seed 84202: wall 0.4s min bulk ESS 1179 (mean 1373) rhat 1.007 grads 116666 leaves 116662 ESS/grad*1e3 10.102 ESS/orbit 0.147 leaves/orbit 14.6 grads/leaf 1.000 (1s)
kidiq__kidscore_momhsiq walnuts+levels1+rhosum 84202: walnuts+levels1+rhosum seed 84202: wall 0.9s min bulk ESS 2925 (mean 4058) rhat 1.002 grads 232992 leaves 232988 ESS/grad*1e3 12.554 ESS/orbit 0.366 leaves/orbit 29.1 grads/leaf 1.000 (1s)
kidiq__kidscore_momhsiq walnuts+accept 84202: walnuts+accept seed 84202: wall 0.4s min bulk ESS 956 (mean 1185) rhat 1.006 grads 114731 leaves 113658 ESS/grad*1e3 8.337 ESS/orbit 0.120 leaves/orbit 14.2 grads/leaf 1.009 (1s)
mesquite__logmesquite_logvash nuts-ref 84202: nuts-ref seed 84202: wall 0.4s min bulk ESS 3015 (mean 3756) rhat 1.002 grads 391970 leaves 391970 ESS/grad*1e3 7.691 ESS/orbit 0.377 leaves/orbit 49.0 grads/leaf 1.000 (1s)
mesquite__logmesquite_logvash walnuts 84202: walnuts seed 84202: wall 0.3s min bulk ESS 2148 (mean 2628) rhat 1.004 grads 324457 leaves 321314 ESS/grad*1e3 6.619 ESS/orbit 0.268 leaves/orbit 40.2 grads/leaf 1.010 (1s)
mesquite__logmesquite_logvash walnuts+cross 84202: walnuts+cross seed 84202: wall 0.3s min bulk ESS 2002 (mean 2412) rhat 1.003 grads 310553 leaves 307536 ESS/grad*1e3 6.448 ESS/orbit 0.250 leaves/orbit 38.4 grads/leaf 1.010 (1s)
mesquite__logmesquite_logvash walnuts+rhosum 84202: walnuts+rhosum seed 84202: wall 0.4s min bulk ESS 2650 (mean 3343) rhat 1.003 grads 377610 leaves 372738 ESS/grad*1e3 7.018 ESS/orbit 0.331 leaves/orbit 46.6 grads/leaf 1.013 (1s)
mesquite__logmesquite_logvash walnuts+delta1000 84202: walnuts+delta1000 seed 84202: wall 0.3s min bulk ESS 2044 (mean 2654) rhat 1.002 grads 325982 leaves 325978 ESS/grad*1e3 6.270 ESS/orbit 0.255 leaves/orbit 40.7 grads/leaf 1.000 (1s)
mesquite__logmesquite_logvash walnuts+levels1 84202: walnuts+levels1 seed 84202: wall 0.3s min bulk ESS 2044 (mean 2654) rhat 1.002 grads 325982 leaves 325978 ESS/grad*1e3 6.270 ESS/orbit 0.255 leaves/orbit 40.7 grads/leaf 1.000 (1s)
mesquite__logmesquite_logvash walnuts+levels1+rhosum 84202: walnuts+levels1+rhosum seed 84202: wall 0.4s min bulk ESS 2919 (mean 3870) rhat 1.001 grads 392176 leaves 392172 ESS/grad*1e3 7.442 ESS/orbit 0.365 leaves/orbit 49.0 grads/leaf 1.000 (1s)
mesquite__logmesquite_logvash walnuts+accept 84202: walnuts+accept seed 84202: wall 0.3s min bulk ESS 2148 (mean 2628) rhat 1.004 grads 324457 leaves 321314 ESS/grad*1e3 6.619 ESS/orbit 0.268 leaves/orbit 40.2 grads/leaf 1.010 (1s)
nes2000__nes nuts-ref 84202: nuts-ref seed 84202: wall 5.0s min bulk ESS 4131 (mean 5301) rhat 1.001 grads 399144 leaves 399144 ESS/grad*1e3 10.349 ESS/orbit 0.516 leaves/orbit 49.9 grads/leaf 1.000 (6s)
nes2000__nes walnuts 84202: walnuts seed 84202: wall 3.3s min bulk ESS 1739 (mean 2326) rhat 1.002 grads 270729 leaves 269472 ESS/grad*1e3 6.422 ESS/orbit 0.217 leaves/orbit 33.7 grads/leaf 1.005 (4s)
nes2000__nes walnuts+cross 84202: walnuts+cross seed 84202: wall 3.0s min bulk ESS 1679 (mean 2170) rhat 1.003 grads 254409 leaves 253385 ESS/grad*1e3 6.599 ESS/orbit 0.210 leaves/orbit 31.7 grads/leaf 1.004 (3s)
nes2000__nes walnuts+rhosum 84202: walnuts+rhosum seed 84202: wall 4.6s min bulk ESS 3325 (mean 4772) rhat 1.002 grads 389157 leaves 385947 ESS/grad*1e3 8.545 ESS/orbit 0.416 leaves/orbit 48.2 grads/leaf 1.008 (5s)
nes2000__nes walnuts+delta1000 84202: walnuts+delta1000 seed 84202: wall 3.2s min bulk ESS 2050 (mean 2555) rhat 1.003 grads 274202 leaves 274198 ESS/grad*1e3 7.476 ESS/orbit 0.256 leaves/orbit 34.3 grads/leaf 1.000 (4s)
nes2000__nes walnuts+levels1 84202: walnuts+levels1 seed 84202: wall 3.2s min bulk ESS 2050 (mean 2555) rhat 1.003 grads 274202 leaves 274198 ESS/grad*1e3 7.476 ESS/orbit 0.256 leaves/orbit 34.3 grads/leaf 1.000 (4s)
nes2000__nes walnuts+levels1+rhosum 84202: walnuts+levels1+rhosum seed 84202: wall 4.7s min bulk ESS 3497 (mean 4990) rhat 1.002 grads 400220 leaves 400216 ESS/grad*1e3 8.737 ESS/orbit 0.437 leaves/orbit 50.0 grads/leaf 1.000 (5s)
nes2000__nes walnuts+accept 84202: walnuts+accept seed 84202: wall 3.1s min bulk ESS 1739 (mean 2326) rhat 1.002 grads 270729 leaves 269472 ESS/grad*1e3 6.422 ESS/orbit 0.217 leaves/orbit 33.7 grads/leaf 1.005 (4s)
garch__garch11 nuts-ref 84202: nuts-ref seed 84202: wall 0.5s min bulk ESS 3797 (mean 4518) rhat 1.001 grads 88830 leaves 88830 ESS/grad*1e3 42.745 ESS/orbit 0.475 leaves/orbit 11.1 grads/leaf 1.000 (1s)
garch__garch11 walnuts 84202: walnuts seed 84202: wall 0.4s min bulk ESS 2195 (mean 2427) rhat 1.003 grads 64808 leaves 62207 ESS/grad*1e3 33.873 ESS/orbit 0.274 leaves/orbit 7.8 grads/leaf 1.042 (1s)
garch__garch11 walnuts+cross 84202: walnuts+cross seed 84202: wall 0.3s min bulk ESS 1953 (mean 2132) rhat 1.002 grads 60653 leaves 58021 ESS/grad*1e3 32.191 ESS/orbit 0.244 leaves/orbit 7.3 grads/leaf 1.045 (1s)
garch__garch11 walnuts+rhosum 84202: walnuts+rhosum seed 84202: wall 0.5s min bulk ESS 3448 (mean 4126) rhat 1.002 grads 89787 leaves 86105 ESS/grad*1e3 38.404 ESS/orbit 0.431 leaves/orbit 10.8 grads/leaf 1.043 (1s)
garch__garch11 walnuts+delta1000 84202: walnuts+delta1000 seed 84202: wall 0.3s min bulk ESS 2324 (mean 2558) rhat 1.003 grads 63932 leaves 63928 ESS/grad*1e3 36.351 ESS/orbit 0.290 leaves/orbit 8.0 grads/leaf 1.000 (1s)
garch__garch11 walnuts+levels1 84202: walnuts+levels1 seed 84202: wall 0.3s min bulk ESS 2324 (mean 2558) rhat 1.003 grads 63932 leaves 63928 ESS/grad*1e3 36.351 ESS/orbit 0.290 leaves/orbit 8.0 grads/leaf 1.000 (2s)
garch__garch11 walnuts+levels1+rhosum 84202: walnuts+levels1+rhosum seed 84202: wall 0.5s min bulk ESS 3921 (mean 4548) rhat 1.002 grads 88470 leaves 88466 ESS/grad*1e3 44.326 ESS/orbit 0.490 leaves/orbit 11.1 grads/leaf 1.000 (1s)
garch__garch11 walnuts+accept 84202: walnuts+accept seed 84202: wall 0.3s min bulk ESS 2195 (mean 2427) rhat 1.003 grads 64808 leaves 62207 ESS/grad*1e3 33.873 ESS/orbit 0.274 leaves/orbit 7.8 grads/leaf 1.042 (1s)
arK__arK nuts-ref 84202: nuts-ref seed 84202: wall 1.5s min bulk ESS 5591 (mean 6263) rhat 1.002 grads 263114 leaves 263114 ESS/grad*1e3 21.250 ESS/orbit 0.699 leaves/orbit 32.9 grads/leaf 1.000 (2s)
arK__arK walnuts 84202: walnuts seed 84202: wall 1.5s min bulk ESS 4158 (mean 4938) rhat 1.002 grads 245274 leaves 243750 ESS/grad*1e3 16.953 ESS/orbit 0.520 leaves/orbit 30.5 grads/leaf 1.006 (2s)
arK__arK walnuts+cross 84202: walnuts+cross seed 84202: wall 1.4s min bulk ESS 3848 (mean 4683) rhat 1.001 grads 237725 leaves 235972 ESS/grad*1e3 16.186 ESS/orbit 0.481 leaves/orbit 29.5 grads/leaf 1.007 (2s)
arK__arK walnuts+rhosum 84202: walnuts+rhosum seed 84202: wall 1.5s min bulk ESS 5399 (mean 6003) rhat 1.001 grads 259414 leaves 257137 ESS/grad*1e3 20.813 ESS/orbit 0.675 leaves/orbit 32.1 grads/leaf 1.009 (2s)
arK__arK walnuts+delta1000 84202: walnuts+delta1000 seed 84202: wall 1.4s min bulk ESS 4174 (mean 4939) rhat 1.002 grads 246298 leaves 246294 ESS/grad*1e3 16.949 ESS/orbit 0.522 leaves/orbit 30.8 grads/leaf 1.000 (2s)
arK__arK walnuts+levels1 84202: walnuts+levels1 seed 84202: wall 1.4s min bulk ESS 4174 (mean 4939) rhat 1.002 grads 246298 leaves 246294 ESS/grad*1e3 16.949 ESS/orbit 0.522 leaves/orbit 30.8 grads/leaf 1.000 (2s)
arK__arK walnuts+levels1+rhosum 84202: walnuts+levels1+rhosum seed 84202: wall 1.5s min bulk ESS 5175 (mean 6475) rhat 1.001 grads 263908 leaves 263904 ESS/grad*1e3 19.611 ESS/orbit 0.647 leaves/orbit 33.0 grads/leaf 1.000 (2s)
arK__arK walnuts+accept 84202: walnuts+accept seed 84202: wall 1.6s min bulk ESS 4158 (mean 4938) rhat 1.002 grads 245274 leaves 243750 ESS/grad*1e3 16.953 ESS/orbit 0.520 leaves/orbit 30.5 grads/leaf 1.006 (2s)
