eight-schools  seed 1795883009 nuts-ref                 ESS/grad 0.07349  ESS² /grad 0.05959  grad/tr    8.1  leaves/tr    8.1  depth 3.06  refined 0.000  stops {"uturn":1.0}
                                   non-leaf grad/tr 0.000 (initial re-evaluations 0.000)
eight-schools  seed 1795883009 default                  ESS/grad 0.05072  ESS² /grad 0.04851  grad/tr    9.0  leaves/tr    7.3  depth 3.00  refined 0.059  stops {"outer_uturn":0.7937500000000001,"recursive_uturn":0.0965,"reverse_coarser":0.10975}
                                   non-leaf grad/tr 1.711 (initial re-evaluations 1.000)
                                   draws identical to default: true
eight-schools  seed 1795883009 default+cache            ESS/grad 0.05707  ESS² /grad 0.05458  grad/tr    8.0  leaves/tr    7.3  depth 3.00  refined 0.059  stops {"outer_uturn":0.7937500000000001,"recursive_uturn":0.0965,"reverse_coarser":0.10975}
                                   non-leaf grad/tr 0.712 (initial re-evaluations 0.001)
eight-schools  seed 1795883009 delta1000                ESS/grad 0.06193  ESS² /grad 0.05618  grad/tr    8.7  leaves/tr    7.7  depth 3.06  refined 0.000  stops {"outer_uturn":0.8817499999999999,"recursive_uturn":0.11825}
                                   non-leaf grad/tr 1.000 (initial re-evaluations 1.000)
eight-schools  seed 1795883009 exhaust-accept           ESS/grad 0.05072  ESS² /grad 0.04851  grad/tr    9.0  leaves/tr    7.3  depth 3.00  refined 0.059  stops {"outer_uturn":0.7937500000000001,"recursive_uturn":0.0965,"reverse_coarser":0.10975}
                                   non-leaf grad/tr 1.711 (initial re-evaluations 1.000)
eight-schools  seed 1795883009 cross                    ESS/grad 0.05448  ESS² /grad 0.04382  grad/tr    9.0  leaves/tr    7.3  depth 3.00  refined 0.061  stops {"outer_uturn":0.798,"recursive_uturn":0.1005,"reverse_coarser":0.10149999999999999}
                                   non-leaf grad/tr 1.681 (initial re-evaluations 1.000)
eight-schools  seed 1795883009 rhosum                   ESS/grad 0.05422  ESS² /grad 0.05023  grad/tr    9.4  leaves/tr    7.7  depth 3.07  refined 0.057  stops {"outer_uturn":0.8215,"recursive_uturn":0.0665,"reverse_coarser":0.112}
                                   non-leaf grad/tr 1.716 (initial re-evaluations 1.000)
eight-schools  seed 1795883009 exhaust-accept+rhosum    ESS/grad 0.05422  ESS² /grad 0.05023  grad/tr    9.4  leaves/tr    7.7  depth 3.07  refined 0.057  stops {"outer_uturn":0.8215,"recursive_uturn":0.0665,"reverse_coarser":0.112}
                                   non-leaf grad/tr 1.716 (initial re-evaluations 1.000)
eight-schools  seed 1795883009 levels1-accept           ESS/grad 0.06193  ESS² /grad 0.05618  grad/tr    8.7  leaves/tr    7.7  depth 3.06  refined 0.000  stops {"outer_uturn":0.8817499999999999,"recursive_uturn":0.11825}
                                   non-leaf grad/tr 1.000 (initial re-evaluations 1.000)
eight-schools  seed 1795883009 levels1-accept+rhosum    ESS/grad 0.06651  ESS² /grad 0.05269  grad/tr    9.2  leaves/tr    8.2  depth 3.13  refined 0.000  stops {"outer_uturn":0.91275,"recursive_uturn":0.087,"refinement_exhausted":0.00025}
                                   non-leaf grad/tr 1.000 (initial re-evaluations 1.000)
eight-schools  seed 1795883009 rhosum+cache             ESS/grad 0.06066  ESS² /grad 0.05620  grad/tr    8.4  leaves/tr    7.7  depth 3.07  refined 0.057  stops {"outer_uturn":0.8215,"recursive_uturn":0.0665,"reverse_coarser":0.112}
                                   non-leaf grad/tr 0.717 (initial re-evaluations 0.001)
eight-schools  seed 1795883009 exhaust-accept+rhosum+cache ESS/grad 0.06066  ESS² /grad 0.05620  grad/tr    8.4  leaves/tr    7.7  depth 3.07  refined 0.057  stops {"outer_uturn":0.8215,"recursive_uturn":0.0665,"reverse_coarser":0.112}
                                   non-leaf grad/tr 0.717 (initial re-evaluations 0.001)
eight-schools  seed 1795883010 nuts-ref                 ESS/grad 0.07917  ESS² /grad 0.05635  grad/tr    7.5  leaves/tr    7.5  depth 2.98  refined 0.000  stops {"divergent":0.0005,"uturn":0.9995}
                                   non-leaf grad/tr 0.000 (initial re-evaluations 0.000)
eight-schools  seed 1795883010 default                  ESS/grad 0.06008  ESS² /grad 0.05085  grad/tr    8.4  leaves/tr    6.6  depth 2.90  refined 0.061  stops {"outer_uturn":0.7887500000000001,"recursive_uturn":0.08625,"reverse_coarser":0.125}
                                   non-leaf grad/tr 1.806 (initial re-evaluations 1.000)
                                   draws identical to default: true
eight-schools  seed 1795883010 default+cache            ESS/grad 0.06815  ESS² /grad 0.05768  grad/tr    7.4  leaves/tr    6.6  depth 2.90  refined 0.061  stops {"outer_uturn":0.7887500000000001,"recursive_uturn":0.08625,"reverse_coarser":0.125}
                                   non-leaf grad/tr 0.807 (initial re-evaluations 0.001)
eight-schools  seed 1795883010 delta1000                ESS/grad 0.07397  ESS² /grad 0.05127  grad/tr    8.2  leaves/tr    7.2  depth 2.99  refined 0.000  stops {"outer_uturn":0.8980000000000001,"recursive_uturn":0.102}
                                   non-leaf grad/tr 1.000 (initial re-evaluations 1.000)
eight-schools  seed 1795883010 exhaust-accept           ESS/grad 0.06008  ESS² /grad 0.05085  grad/tr    8.4  leaves/tr    6.6  depth 2.90  refined 0.061  stops {"outer_uturn":0.7887500000000001,"recursive_uturn":0.08625,"reverse_coarser":0.125}
                                   non-leaf grad/tr 1.806 (initial re-evaluations 1.000)
eight-schools  seed 1795883010 cross                    ESS/grad 0.06076  ESS² /grad 0.05187  grad/tr    8.4  leaves/tr    6.7  depth 2.90  refined 0.061  stops {"outer_uturn":0.7885,"recursive_uturn":0.09050000000000001,"reverse_coarser":0.121}
                                   non-leaf grad/tr 1.755 (initial re-evaluations 1.000)
eight-schools  seed 1795883010 rhosum                   ESS/grad 0.05646  ESS² /grad 0.05192  grad/tr    8.8  leaves/tr    7.0  depth 2.98  refined 0.064  stops {"outer_uturn":0.82625,"recursive_uturn":0.043500000000000004,"reverse_coarser":0.13025}
                                   non-leaf grad/tr 1.797 (initial re-evaluations 1.000)
eight-schools  seed 1795883010 exhaust-accept+rhosum    ESS/grad 0.05646  ESS² /grad 0.05192  grad/tr    8.8  leaves/tr    7.0  depth 2.98  refined 0.064  stops {"outer_uturn":0.82625,"recursive_uturn":0.043500000000000004,"reverse_coarser":0.13025}
                                   non-leaf grad/tr 1.797 (initial re-evaluations 1.000)
eight-schools  seed 1795883010 levels1-accept           ESS/grad 0.07397  ESS² /grad 0.05127  grad/tr    8.2  leaves/tr    7.2  depth 2.99  refined 0.000  stops {"outer_uturn":0.8980000000000001,"recursive_uturn":0.102}
                                   non-leaf grad/tr 1.000 (initial re-evaluations 1.000)
eight-schools  seed 1795883010 levels1-accept+rhosum    ESS/grad 0.07639  ESS² /grad 0.04908  grad/tr    8.5  leaves/tr    7.5  depth 3.05  refined 0.000  stops {"outer_uturn":0.9365,"recursive_uturn":0.0635}
                                   non-leaf grad/tr 1.000 (initial re-evaluations 1.000)
eight-schools  seed 1795883010 rhosum+cache             ESS/grad 0.06371  ESS² /grad 0.05859  grad/tr    7.8  leaves/tr    7.0  depth 2.98  refined 0.064  stops {"outer_uturn":0.82625,"recursive_uturn":0.043500000000000004,"reverse_coarser":0.13025}
                                   non-leaf grad/tr 0.798 (initial re-evaluations 0.001)
eight-schools  seed 1795883010 exhaust-accept+rhosum+cache ESS/grad 0.06371  ESS² /grad 0.05859  grad/tr    7.8  leaves/tr    7.0  depth 2.98  refined 0.064  stops {"outer_uturn":0.82625,"recursive_uturn":0.043500000000000004,"reverse_coarser":0.13025}
                                   non-leaf grad/tr 0.798 (initial re-evaluations 0.001)
eight-schools  seed 1795883011 nuts-ref                 ESS/grad 0.06471  ESS² /grad 0.06066  grad/tr    8.6  leaves/tr    8.6  depth 3.07  refined 0.000  stops {"divergent":0.00075,"uturn":0.99925}
                                   non-leaf grad/tr 0.000 (initial re-evaluations 0.000)
eight-schools  seed 1795883011 default                  ESS/grad 0.05916  ESS² /grad 0.05712  grad/tr    9.0  leaves/tr    7.5  depth 3.02  refined 0.048  stops {"outer_uturn":0.79425,"recursive_uturn":0.11800000000000001,"reverse_coarser":0.08775000000000001}
                                   non-leaf grad/tr 1.551 (initial re-evaluations 1.000)
                                   draws identical to default: true
eight-schools  seed 1795883011 default+cache            ESS/grad 0.06655  ESS² /grad 0.06426  grad/tr    8.0  leaves/tr    7.5  depth 3.02  refined 0.048  stops {"outer_uturn":0.79425,"recursive_uturn":0.11800000000000001,"reverse_coarser":0.08775000000000001}
                                   non-leaf grad/tr 0.552 (initial re-evaluations 0.001)
eight-schools  seed 1795883011 delta1000                ESS/grad 0.05784  ESS² /grad 0.05843  grad/tr    8.9  leaves/tr    7.9  depth 3.08  refined 0.000  stops {"outer_uturn":0.85875,"recursive_uturn":0.14075,"reverse_coarser":0.0005}
                                   non-leaf grad/tr 1.002 (initial re-evaluations 1.000)
eight-schools  seed 1795883011 exhaust-accept           ESS/grad 0.05916  ESS² /grad 0.05712  grad/tr    9.0  leaves/tr    7.5  depth 3.02  refined 0.048  stops {"outer_uturn":0.79425,"recursive_uturn":0.11800000000000001,"reverse_coarser":0.08775000000000001}
                                   non-leaf grad/tr 1.551 (initial re-evaluations 1.000)
eight-schools  seed 1795883011 cross                    ESS/grad 0.05222  ESS² /grad 0.05814  grad/tr    8.9  leaves/tr    7.3  depth 3.00  refined 0.053  stops {"outer_uturn":0.8045,"recursive_uturn":0.10750000000000001,"reverse_coarser":0.08800000000000001}
                                   non-leaf grad/tr 1.570 (initial re-evaluations 1.000)
eight-schools  seed 1795883011 rhosum                   ESS/grad 0.05696  ESS² /grad 0.04152  grad/tr    9.7  leaves/tr    8.1  depth 3.13  refined 0.053  stops {"outer_uturn":0.8077500000000001,"recursive_uturn":0.09125,"reverse_coarser":0.101}
                                   non-leaf grad/tr 1.615 (initial re-evaluations 1.000)
eight-schools  seed 1795883011 exhaust-accept+rhosum    ESS/grad 0.05696  ESS² /grad 0.04152  grad/tr    9.7  leaves/tr    8.1  depth 3.13  refined 0.053  stops {"outer_uturn":0.8077500000000001,"recursive_uturn":0.09125,"reverse_coarser":0.101}
                                   non-leaf grad/tr 1.615 (initial re-evaluations 1.000)
eight-schools  seed 1795883011 levels1-accept           ESS/grad 0.05785  ESS² /grad 0.05844  grad/tr    8.9  leaves/tr    7.9  depth 3.08  refined 0.000  stops {"outer_uturn":0.85875,"recursive_uturn":0.14075,"refinement_exhausted":0.0005}
                                   non-leaf grad/tr 1.000 (initial re-evaluations 1.000)
eight-schools  seed 1795883011 levels1-accept+rhosum    ESS/grad 0.05657  ESS² /grad 0.05358  grad/tr    9.5  leaves/tr    8.5  depth 3.18  refined 0.000  stops {"outer_uturn":0.88075,"recursive_uturn":0.1185,"refinement_exhausted":0.00075}
                                   non-leaf grad/tr 1.001 (initial re-evaluations 1.000)
eight-schools  seed 1795883011 rhosum+cache             ESS/grad 0.06347  ESS² /grad 0.04627  grad/tr    8.7  leaves/tr    8.1  depth 3.13  refined 0.053  stops {"outer_uturn":0.8077500000000001,"recursive_uturn":0.09125,"reverse_coarser":0.101}
                                   non-leaf grad/tr 0.616 (initial re-evaluations 0.001)
eight-schools  seed 1795883011 exhaust-accept+rhosum+cache ESS/grad 0.06347  ESS² /grad 0.04627  grad/tr    8.7  leaves/tr    8.1  depth 3.13  refined 0.053  stops {"outer_uturn":0.8077500000000001,"recursive_uturn":0.09125,"reverse_coarser":0.101}
                                   non-leaf grad/tr 0.616 (initial re-evaluations 0.001)
gaussian-100   seed 1795883009 nuts-ref                 ESS/grad 0.11563  ESS² /grad 0.04808  grad/tr    8.2  leaves/tr    8.2  depth 3.06  refined 0.000  stops {"uturn":1.0}
                                   non-leaf grad/tr 0.000 (initial re-evaluations 0.000)
gaussian-100   seed 1795883009 default                  ESS/grad 0.10860  ESS² /grad 0.04488  grad/tr    9.5  leaves/tr    8.5  depth 3.16  refined 0.000  stops {"outer_uturn":0.8835000000000001,"recursive_uturn":0.11624999999999999,"reverse_coarser":0.00025}
                                   non-leaf grad/tr 1.003 (initial re-evaluations 1.000)
                                   draws identical to default: true
gaussian-100   seed 1795883009 default+cache            ESS/grad 0.12140  ESS² /grad 0.05017  grad/tr    8.5  leaves/tr    8.5  depth 3.16  refined 0.000  stops {"outer_uturn":0.8835000000000001,"recursive_uturn":0.11624999999999999,"reverse_coarser":0.00025}
                                   non-leaf grad/tr 0.004 (initial re-evaluations 0.001)
gaussian-100   seed 1795883009 delta1000                ESS/grad 0.10928  ESS² /grad 0.04507  grad/tr    9.5  leaves/tr    8.5  depth 3.16  refined 0.000  stops {"outer_uturn":0.88375,"recursive_uturn":0.11624999999999999}
                                   non-leaf grad/tr 1.000 (initial re-evaluations 1.000)
gaussian-100   seed 1795883009 exhaust-accept           ESS/grad 0.10860  ESS² /grad 0.04488  grad/tr    9.5  leaves/tr    8.5  depth 3.16  refined 0.000  stops {"outer_uturn":0.8835000000000001,"recursive_uturn":0.11624999999999999,"reverse_coarser":0.00025}
                                   non-leaf grad/tr 1.003 (initial re-evaluations 1.000)
gaussian-100   seed 1795883009 cross                    ESS/grad 0.11263  ESS² /grad 0.04624  grad/tr    9.0  leaves/tr    8.0  depth 3.12  refined 0.000  stops {"outer_uturn":0.922,"recursive_uturn":0.07775,"reverse_coarser":0.00025}
                                   non-leaf grad/tr 1.003 (initial re-evaluations 1.000)
gaussian-100   seed 1795883009 rhosum                   ESS/grad 0.11265  ESS² /grad 0.04506  grad/tr    9.2  leaves/tr    8.2  depth 3.15  refined 0.000  stops {"outer_uturn":0.917,"recursive_uturn":0.08274999999999999,"reverse_coarser":0.00025}
                                   non-leaf grad/tr 1.003 (initial re-evaluations 1.000)
gaussian-100   seed 1795883009 exhaust-accept+rhosum    ESS/grad 0.11265  ESS² /grad 0.04506  grad/tr    9.2  leaves/tr    8.2  depth 3.15  refined 0.000  stops {"outer_uturn":0.917,"recursive_uturn":0.08274999999999999,"reverse_coarser":0.00025}
                                   non-leaf grad/tr 1.003 (initial re-evaluations 1.000)
gaussian-100   seed 1795883009 levels1-accept           ESS/grad 0.10928  ESS² /grad 0.04507  grad/tr    9.5  leaves/tr    8.5  depth 3.16  refined 0.000  stops {"outer_uturn":0.88375,"recursive_uturn":0.11624999999999999}
                                   non-leaf grad/tr 1.000 (initial re-evaluations 1.000)
gaussian-100   seed 1795883009 levels1-accept+rhosum    ESS/grad 0.11543  ESS² /grad 0.04414  grad/tr    9.2  leaves/tr    8.2  depth 3.15  refined 0.000  stops {"outer_uturn":0.91725,"recursive_uturn":0.08274999999999999}
                                   non-leaf grad/tr 1.000 (initial re-evaluations 1.000)
gaussian-100   seed 1795883009 rhosum+cache             ESS/grad 0.12633  ESS² /grad 0.05053  grad/tr    8.2  leaves/tr    8.2  depth 3.15  refined 0.000  stops {"outer_uturn":0.917,"recursive_uturn":0.08274999999999999,"reverse_coarser":0.00025}
                                   non-leaf grad/tr 0.004 (initial re-evaluations 0.001)
gaussian-100   seed 1795883009 exhaust-accept+rhosum+cache ESS/grad 0.12633  ESS² /grad 0.05053  grad/tr    8.2  leaves/tr    8.2  depth 3.15  refined 0.000  stops {"outer_uturn":0.917,"recursive_uturn":0.08274999999999999,"reverse_coarser":0.00025}
                                   non-leaf grad/tr 0.004 (initial re-evaluations 0.001)
gaussian-100   seed 1795883010 nuts-ref                 ESS/grad 0.13140  ESS² /grad 0.03934  grad/tr    8.3  leaves/tr    8.3  depth 3.13  refined 0.000  stops {"uturn":1.0}
                                   non-leaf grad/tr 0.000 (initial re-evaluations 0.000)
gaussian-100   seed 1795883010 default                  ESS/grad 0.08349  ESS² /grad 0.03237  grad/tr   12.8  leaves/tr   11.8  depth 3.33  refined 0.001  stops {"outer_uturn":0.8600000000000001,"recursive_uturn":0.1395,"reverse_coarser":0.0005}
                                   non-leaf grad/tr 1.005 (initial re-evaluations 1.000)
                                   draws identical to default: true
gaussian-100   seed 1795883010 default+cache            ESS/grad 0.09058  ESS² /grad 0.03512  grad/tr   11.8  leaves/tr   11.8  depth 3.33  refined 0.001  stops {"outer_uturn":0.8600000000000001,"recursive_uturn":0.1395,"reverse_coarser":0.0005}
                                   non-leaf grad/tr 0.006 (initial re-evaluations 0.001)
gaussian-100   seed 1795883010 delta1000                ESS/grad 0.08330  ESS² /grad 0.03215  grad/tr   12.8  leaves/tr   11.8  depth 3.33  refined 0.000  stops {"outer_uturn":0.8605,"recursive_uturn":0.1395}
                                   non-leaf grad/tr 1.000 (initial re-evaluations 1.000)
gaussian-100   seed 1795883010 exhaust-accept           ESS/grad 0.08349  ESS² /grad 0.03237  grad/tr   12.8  leaves/tr   11.8  depth 3.33  refined 0.001  stops {"outer_uturn":0.8600000000000001,"recursive_uturn":0.1395,"reverse_coarser":0.0005}
                                   non-leaf grad/tr 1.005 (initial re-evaluations 1.000)
gaussian-100   seed 1795883010 cross                    ESS/grad 0.11545  ESS² /grad 0.04518  grad/tr    9.3  leaves/tr    8.3  depth 3.16  refined 0.001  stops {"outer_uturn":0.9572499999999999,"recursive_uturn":0.04225,"reverse_coarser":0.0005}
                                   non-leaf grad/tr 1.005 (initial re-evaluations 1.000)
gaussian-100   seed 1795883010 rhosum                   ESS/grad 0.12237  ESS² /grad 0.03499  grad/tr    9.4  leaves/tr    8.4  depth 3.17  refined 0.001  stops {"outer_uturn":0.9590000000000001,"recursive_uturn":0.0405,"reverse_coarser":0.0005}
                                   non-leaf grad/tr 1.005 (initial re-evaluations 1.000)
gaussian-100   seed 1795883010 exhaust-accept+rhosum    ESS/grad 0.12237  ESS² /grad 0.03499  grad/tr    9.4  leaves/tr    8.4  depth 3.17  refined 0.001  stops {"outer_uturn":0.9590000000000001,"recursive_uturn":0.0405,"reverse_coarser":0.0005}
                                   non-leaf grad/tr 1.005 (initial re-evaluations 1.000)
gaussian-100   seed 1795883010 levels1-accept           ESS/grad 0.08330  ESS² /grad 0.03215  grad/tr   12.8  leaves/tr   11.8  depth 3.33  refined 0.000  stops {"outer_uturn":0.8605,"recursive_uturn":0.1395}
                                   non-leaf grad/tr 1.000 (initial re-evaluations 1.000)
gaussian-100   seed 1795883010 levels1-accept+rhosum    ESS/grad 0.12249  ESS² /grad 0.03571  grad/tr    9.4  leaves/tr    8.4  depth 3.17  refined 0.000  stops {"outer_uturn":0.9595,"recursive_uturn":0.0405}
                                   non-leaf grad/tr 1.000 (initial re-evaluations 1.000)
gaussian-100   seed 1795883010 rhosum+cache             ESS/grad 0.13692  ESS² /grad 0.03914  grad/tr    8.4  leaves/tr    8.4  depth 3.17  refined 0.001  stops {"outer_uturn":0.9590000000000001,"recursive_uturn":0.0405,"reverse_coarser":0.0005}
                                   non-leaf grad/tr 0.006 (initial re-evaluations 0.001)
gaussian-100   seed 1795883010 exhaust-accept+rhosum+cache ESS/grad 0.13692  ESS² /grad 0.03914  grad/tr    8.4  leaves/tr    8.4  depth 3.17  refined 0.001  stops {"outer_uturn":0.9590000000000001,"recursive_uturn":0.0405,"reverse_coarser":0.0005}
                                   non-leaf grad/tr 0.006 (initial re-evaluations 0.001)
gaussian-100   seed 1795883011 nuts-ref                 ESS/grad 0.11002  ESS² /grad 0.04174  grad/tr    9.7  leaves/tr    9.7  depth 3.23  refined 0.000  stops {"uturn":1.0}
                                   non-leaf grad/tr 0.000 (initial re-evaluations 0.000)
gaussian-100   seed 1795883011 default                  ESS/grad 0.08626  ESS² /grad 0.03161  grad/tr   12.8  leaves/tr   11.8  depth 3.44  refined 0.000  stops {"outer_uturn":0.79425,"recursive_uturn":0.20575000000000002}
                                   non-leaf grad/tr 1.000 (initial re-evaluations 1.000)
                                   draws identical to default: true
gaussian-100   seed 1795883011 default+cache            ESS/grad 0.09357  ESS² /grad 0.03429  grad/tr   11.8  leaves/tr   11.8  depth 3.44  refined 0.000  stops {"outer_uturn":0.79425,"recursive_uturn":0.20575000000000002}
                                   non-leaf grad/tr 0.001 (initial re-evaluations 0.001)
gaussian-100   seed 1795883011 delta1000                ESS/grad 0.08626  ESS² /grad 0.03161  grad/tr   12.8  leaves/tr   11.8  depth 3.44  refined 0.000  stops {"outer_uturn":0.79425,"recursive_uturn":0.20575000000000002}
                                   non-leaf grad/tr 1.000 (initial re-evaluations 1.000)
gaussian-100   seed 1795883011 exhaust-accept           ESS/grad 0.08626  ESS² /grad 0.03161  grad/tr   12.8  leaves/tr   11.8  depth 3.44  refined 0.000  stops {"outer_uturn":0.79425,"recursive_uturn":0.20575000000000002}
                                   non-leaf grad/tr 1.000 (initial re-evaluations 1.000)
gaussian-100   seed 1795883011 cross                    ESS/grad 0.10429  ESS² /grad 0.03464  grad/tr   10.5  leaves/tr    9.5  depth 3.31  refined 0.000  stops {"outer_uturn":0.89525,"recursive_uturn":0.10475000000000001}
                                   non-leaf grad/tr 1.000 (initial re-evaluations 1.000)
gaussian-100   seed 1795883011 rhosum                   ESS/grad 0.10139  ESS² /grad 0.02911  grad/tr   10.7  leaves/tr    9.7  depth 3.34  refined 0.000  stops {"outer_uturn":0.89175,"recursive_uturn":0.10825}
                                   non-leaf grad/tr 1.000 (initial re-evaluations 1.000)
gaussian-100   seed 1795883011 exhaust-accept+rhosum    ESS/grad 0.10139  ESS² /grad 0.02911  grad/tr   10.7  leaves/tr    9.7  depth 3.34  refined 0.000  stops {"outer_uturn":0.89175,"recursive_uturn":0.10825}
                                   non-leaf grad/tr 1.000 (initial re-evaluations 1.000)
gaussian-100   seed 1795883011 levels1-accept           ESS/grad 0.08626  ESS² /grad 0.03161  grad/tr   12.8  leaves/tr   11.8  depth 3.44  refined 0.000  stops {"outer_uturn":0.79425,"recursive_uturn":0.20575000000000002}
                                   non-leaf grad/tr 1.000 (initial re-evaluations 1.000)
gaussian-100   seed 1795883011 levels1-accept+rhosum    ESS/grad 0.10139  ESS² /grad 0.02911  grad/tr   10.7  leaves/tr    9.7  depth 3.34  refined 0.000  stops {"outer_uturn":0.89175,"recursive_uturn":0.10825}
                                   non-leaf grad/tr 1.000 (initial re-evaluations 1.000)
gaussian-100   seed 1795883011 rhosum+cache             ESS/grad 0.11183  ESS² /grad 0.03211  grad/tr    9.7  leaves/tr    9.7  depth 3.34  refined 0.000  stops {"outer_uturn":0.89175,"recursive_uturn":0.10825}
                                   non-leaf grad/tr 0.001 (initial re-evaluations 0.001)
gaussian-100   seed 1795883011 exhaust-accept+rhosum+cache ESS/grad 0.11183  ESS² /grad 0.03211  grad/tr    9.7  leaves/tr    9.7  depth 3.34  refined 0.000  stops {"outer_uturn":0.89175,"recursive_uturn":0.10825}
                                   non-leaf grad/tr 0.001 (initial re-evaluations 0.001)
corr-gaussian-50 seed 1795883009 nuts-ref                 ESS/grad 0.02125  ESS² /grad 0.01660  grad/tr   33.8  leaves/tr   33.8  depth 4.95  refined 0.000  stops {"uturn":1.0}
                                   non-leaf grad/tr 0.000 (initial re-evaluations 0.000)
corr-gaussian-50 seed 1795883009 default                  ESS/grad 0.02312  ESS² /grad 0.01656  grad/tr   31.8  leaves/tr   30.6  depth 4.94  refined 0.011  stops {"outer_uturn":0.8744999999999999,"recursive_uturn":0.11124999999999999,"reverse_coarser":0.014249999999999999}
                                   non-leaf grad/tr 1.125 (initial re-evaluations 1.000)
                                   draws identical to default: true
corr-gaussian-50 seed 1795883009 default+cache            ESS/grad 0.02387  ESS² /grad 0.01710  grad/tr   30.8  leaves/tr   30.6  depth 4.94  refined 0.011  stops {"outer_uturn":0.8744999999999999,"recursive_uturn":0.11124999999999999,"reverse_coarser":0.014249999999999999}
                                   non-leaf grad/tr 0.126 (initial re-evaluations 0.001)
corr-gaussian-50 seed 1795883009 delta1000                ESS/grad 0.02139  ESS² /grad 0.01836  grad/tr   32.1  leaves/tr   31.1  depth 4.97  refined 0.000  stops {"outer_uturn":0.8845000000000001,"recursive_uturn":0.11549999999999999}
                                   non-leaf grad/tr 1.000 (initial re-evaluations 1.000)
corr-gaussian-50 seed 1795883009 exhaust-accept           ESS/grad 0.02312  ESS² /grad 0.01656  grad/tr   31.8  leaves/tr   30.6  depth 4.94  refined 0.011  stops {"outer_uturn":0.8744999999999999,"recursive_uturn":0.11124999999999999,"reverse_coarser":0.014249999999999999}
                                   non-leaf grad/tr 1.125 (initial re-evaluations 1.000)
corr-gaussian-50 seed 1795883009 cross                    ESS/grad 0.02351  ESS² /grad 0.01907  grad/tr   31.6  leaves/tr   30.5  depth 4.94  refined 0.012  stops {"outer_uturn":0.87025,"recursive_uturn":0.11524999999999999,"reverse_coarser":0.0145}
                                   non-leaf grad/tr 1.136 (initial re-evaluations 1.000)
corr-gaussian-50 seed 1795883009 rhosum                   ESS/grad 0.02434  ESS² /grad 0.01594  grad/tr   34.5  leaves/tr   33.3  depth 5.05  refined 0.012  stops {"outer_uturn":0.87325,"recursive_uturn":0.11324999999999999,"reverse_coarser":0.0135}
                                   non-leaf grad/tr 1.129 (initial re-evaluations 1.000)
corr-gaussian-50 seed 1795883009 exhaust-accept+rhosum    ESS/grad 0.02434  ESS² /grad 0.01594  grad/tr   34.5  leaves/tr   33.3  depth 5.05  refined 0.012  stops {"outer_uturn":0.87325,"recursive_uturn":0.11324999999999999,"reverse_coarser":0.0135}
                                   non-leaf grad/tr 1.129 (initial re-evaluations 1.000)
corr-gaussian-50 seed 1795883009 levels1-accept           ESS/grad 0.02139  ESS² /grad 0.01836  grad/tr   32.1  leaves/tr   31.1  depth 4.97  refined 0.000  stops {"outer_uturn":0.8845000000000001,"recursive_uturn":0.11549999999999999}
                                   non-leaf grad/tr 1.000 (initial re-evaluations 1.000)
corr-gaussian-50 seed 1795883009 levels1-accept+rhosum    ESS/grad 0.02158  ESS² /grad 0.01555  grad/tr   34.6  leaves/tr   33.6  depth 5.06  refined 0.000  stops {"outer_uturn":0.874,"recursive_uturn":0.126}
                                   non-leaf grad/tr 1.000 (initial re-evaluations 1.000)
corr-gaussian-50 seed 1795883009 rhosum+cache             ESS/grad 0.02507  ESS² /grad 0.01641  grad/tr   33.5  leaves/tr   33.3  depth 5.05  refined 0.012  stops {"outer_uturn":0.87325,"recursive_uturn":0.11324999999999999,"reverse_coarser":0.0135}
                                   non-leaf grad/tr 0.130 (initial re-evaluations 0.001)
corr-gaussian-50 seed 1795883009 exhaust-accept+rhosum+cache ESS/grad 0.02507  ESS² /grad 0.01641  grad/tr   33.5  leaves/tr   33.3  depth 5.05  refined 0.012  stops {"outer_uturn":0.87325,"recursive_uturn":0.11324999999999999,"reverse_coarser":0.0135}
                                   non-leaf grad/tr 0.130 (initial re-evaluations 0.001)
corr-gaussian-50 seed 1795883010 nuts-ref                 ESS/grad 0.02250  ESS² /grad 0.01850  grad/tr   34.7  leaves/tr   34.7  depth 4.97  refined 0.000  stops {"uturn":1.0}
                                   non-leaf grad/tr 0.000 (initial re-evaluations 0.000)
corr-gaussian-50 seed 1795883010 default                  ESS/grad 0.02334  ESS² /grad 0.01731  grad/tr   33.1  leaves/tr   32.1  depth 5.01  refined 0.003  stops {"outer_uturn":0.89325,"recursive_uturn":0.10300000000000001,"reverse_coarser":0.0037500000000000003}
                                   non-leaf grad/tr 1.028 (initial re-evaluations 1.000)
                                   draws identical to default: true
corr-gaussian-50 seed 1795883010 default+cache            ESS/grad 0.02406  ESS² /grad 0.01785  grad/tr   32.1  leaves/tr   32.1  depth 5.01  refined 0.003  stops {"outer_uturn":0.89325,"recursive_uturn":0.10300000000000001,"reverse_coarser":0.0037500000000000003}
                                   non-leaf grad/tr 0.029 (initial re-evaluations 0.001)
corr-gaussian-50 seed 1795883010 delta1000                ESS/grad 0.02266  ESS² /grad 0.01721  grad/tr   33.2  leaves/tr   32.2  depth 5.01  refined 0.000  stops {"outer_uturn":0.89575,"recursive_uturn":0.10425000000000001}
                                   non-leaf grad/tr 1.000 (initial re-evaluations 1.000)
corr-gaussian-50 seed 1795883010 exhaust-accept           ESS/grad 0.02334  ESS² /grad 0.01731  grad/tr   33.1  leaves/tr   32.1  depth 5.01  refined 0.003  stops {"outer_uturn":0.89325,"recursive_uturn":0.10300000000000001,"reverse_coarser":0.0037500000000000003}
                                   non-leaf grad/tr 1.028 (initial re-evaluations 1.000)
corr-gaussian-50 seed 1795883010 cross                    ESS/grad 0.02113  ESS² /grad 0.01816  grad/tr   33.0  leaves/tr   32.0  depth 5.01  refined 0.002  stops {"outer_uturn":0.896,"recursive_uturn":0.10099999999999999,"reverse_coarser":0.003}
                                   non-leaf grad/tr 1.022 (initial re-evaluations 1.000)
corr-gaussian-50 seed 1795883010 rhosum                   ESS/grad 0.01873  ESS² /grad 0.01267  grad/tr   36.1  leaves/tr   35.1  depth 5.11  refined 0.005  stops {"outer_uturn":0.8632500000000001,"recursive_uturn":0.1315,"reverse_coarser":0.00525}
                                   non-leaf grad/tr 1.061 (initial re-evaluations 1.000)
corr-gaussian-50 seed 1795883010 exhaust-accept+rhosum    ESS/grad 0.01873  ESS² /grad 0.01267  grad/tr   36.1  leaves/tr   35.1  depth 5.11  refined 0.005  stops {"outer_uturn":0.8632500000000001,"recursive_uturn":0.1315,"reverse_coarser":0.00525}
                                   non-leaf grad/tr 1.061 (initial re-evaluations 1.000)
corr-gaussian-50 seed 1795883010 levels1-accept           ESS/grad 0.02266  ESS² /grad 0.01721  grad/tr   33.2  leaves/tr   32.2  depth 5.01  refined 0.000  stops {"outer_uturn":0.89575,"recursive_uturn":0.10425000000000001}
                                   non-leaf grad/tr 1.000 (initial re-evaluations 1.000)
corr-gaussian-50 seed 1795883010 levels1-accept+rhosum    ESS/grad 0.02025  ESS² /grad 0.01569  grad/tr   36.0  leaves/tr   35.0  depth 5.11  refined 0.000  stops {"outer_uturn":0.8695,"recursive_uturn":0.1305}
                                   non-leaf grad/tr 1.000 (initial re-evaluations 1.000)
corr-gaussian-50 seed 1795883010 rhosum+cache             ESS/grad 0.01926  ESS² /grad 0.01303  grad/tr   35.1  leaves/tr   35.1  depth 5.11  refined 0.005  stops {"outer_uturn":0.8632500000000001,"recursive_uturn":0.1315,"reverse_coarser":0.00525}
                                   non-leaf grad/tr 0.062 (initial re-evaluations 0.001)
corr-gaussian-50 seed 1795883010 exhaust-accept+rhosum+cache ESS/grad 0.01926  ESS² /grad 0.01303  grad/tr   35.1  leaves/tr   35.1  depth 5.11  refined 0.005  stops {"outer_uturn":0.8632500000000001,"recursive_uturn":0.1315,"reverse_coarser":0.00525}
                                   non-leaf grad/tr 0.062 (initial re-evaluations 0.001)
corr-gaussian-50 seed 1795883011 nuts-ref                 ESS/grad 0.02473  ESS² /grad 0.01686  grad/tr   32.7  leaves/tr   32.7  depth 4.92  refined 0.000  stops {"uturn":1.0}
                                   non-leaf grad/tr 0.000 (initial re-evaluations 0.000)
corr-gaussian-50 seed 1795883011 default                  ESS/grad 0.02256  ESS² /grad 0.01758  grad/tr   31.1  leaves/tr   29.8  depth 4.91  refined 0.026  stops {"outer_uturn":0.8684999999999999,"recursive_uturn":0.10549999999999998,"reverse_coarser":0.026000000000000002}
                                   non-leaf grad/tr 1.288 (initial re-evaluations 1.000)
                                   draws identical to default: true
corr-gaussian-50 seed 1795883011 default+cache            ESS/grad 0.02330  ESS² /grad 0.01817  grad/tr   30.1  leaves/tr   29.8  depth 4.91  refined 0.026  stops {"outer_uturn":0.8684999999999999,"recursive_uturn":0.10549999999999998,"reverse_coarser":0.026000000000000002}
                                   non-leaf grad/tr 0.289 (initial re-evaluations 0.001)
corr-gaussian-50 seed 1795883011 delta1000                ESS/grad 0.02356  ESS² /grad 0.01879  grad/tr   31.4  leaves/tr   30.4  depth 4.94  refined 0.000  stops {"outer_uturn":0.8807499999999999,"recursive_uturn":0.11925}
                                   non-leaf grad/tr 1.000 (initial re-evaluations 1.000)
corr-gaussian-50 seed 1795883011 exhaust-accept           ESS/grad 0.02256  ESS² /grad 0.01758  grad/tr   31.1  leaves/tr   29.8  depth 4.91  refined 0.026  stops {"outer_uturn":0.8684999999999999,"recursive_uturn":0.10549999999999998,"reverse_coarser":0.026000000000000002}
                                   non-leaf grad/tr 1.288 (initial re-evaluations 1.000)
corr-gaussian-50 seed 1795883011 cross                    ESS/grad 0.02408  ESS² /grad 0.01734  grad/tr   31.0  leaves/tr   29.8  depth 4.90  refined 0.021  stops {"outer_uturn":0.8702500000000001,"recursive_uturn":0.10625000000000001,"reverse_coarser":0.0235}
                                   non-leaf grad/tr 1.236 (initial re-evaluations 1.000)
corr-gaussian-50 seed 1795883011 rhosum                   ESS/grad 0.02325  ESS² /grad 0.01770  grad/tr   33.4  leaves/tr   32.0  depth 5.00  refined 0.030  stops {"outer_uturn":0.868,"recursive_uturn":0.101,"reverse_coarser":0.031}
                                   non-leaf grad/tr 1.341 (initial re-evaluations 1.000)
corr-gaussian-50 seed 1795883011 exhaust-accept+rhosum    ESS/grad 0.02325  ESS² /grad 0.01770  grad/tr   33.4  leaves/tr   32.0  depth 5.00  refined 0.030  stops {"outer_uturn":0.868,"recursive_uturn":0.101,"reverse_coarser":0.031}
                                   non-leaf grad/tr 1.341 (initial re-evaluations 1.000)
corr-gaussian-50 seed 1795883011 levels1-accept           ESS/grad 0.02356  ESS² /grad 0.01879  grad/tr   31.4  leaves/tr   30.4  depth 4.94  refined 0.000  stops {"outer_uturn":0.8807499999999999,"recursive_uturn":0.11925}
                                   non-leaf grad/tr 1.000 (initial re-evaluations 1.000)
corr-gaussian-50 seed 1795883011 levels1-accept+rhosum    ESS/grad 0.02485  ESS² /grad 0.01647  grad/tr   33.6  leaves/tr   32.6  depth 5.03  refined 0.000  stops {"outer_uturn":0.89775,"recursive_uturn":0.10225}
                                   non-leaf grad/tr 1.000 (initial re-evaluations 1.000)
corr-gaussian-50 seed 1795883011 rhosum+cache             ESS/grad 0.02396  ESS² /grad 0.01825  grad/tr   32.4  leaves/tr   32.0  depth 5.00  refined 0.030  stops {"outer_uturn":0.868,"recursive_uturn":0.101,"reverse_coarser":0.031}
                                   non-leaf grad/tr 0.342 (initial re-evaluations 0.001)
corr-gaussian-50 seed 1795883011 exhaust-accept+rhosum+cache ESS/grad 0.02396  ESS² /grad 0.01825  grad/tr   32.4  leaves/tr   32.0  depth 5.00  refined 0.030  stops {"outer_uturn":0.868,"recursive_uturn":0.101,"reverse_coarser":0.031}
                                   non-leaf grad/tr 0.342 (initial re-evaluations 0.001)
wrote STUDIES/kernel_efficiency_v1/artifacts/kernel_efficiency.json
EXIT 0
