[17:50:07] sblrc__blr baseline 80101: baseline seed 80101: wall 0.9s min bulk ESS 161 rhat 1.041 grads 594716 ESS/grad*1e3 0.271 h [0.0028537230111817797, 0.0034713644906041643, 0.0032798809963826693, 0.0032280044433131974] caps [0, 0, 0, (2s)
[17:50:09] sblrc__blr reg 80101: reg seed 80101: wall 0.3s min bulk ESS 704 rhat 1.005 grads 165804 ESS/grad*1e3 4.245 h [0.11205546869779799, 0.10488024779019936, 0.10417418904296676, 0.11241174611608314] caps [0, 0, 0, 0] (1s)
[17:50:10] sblrc__blr reg+ramp 80101: reg+ramp seed 80101: wall 0.3s min bulk ESS 657 rhat 1.003 grads 173607 ESS/grad*1e3 3.785 h [0.11714676672000632, 0.0984366681540529, 0.1150247519139679, 0.10518352675023256] caps [0, 0, 0, 0] (1s)
[17:50:12] sblrc__blr reg+research 80101: reg+research seed 80101: wall 0.2s min bulk ESS 798 rhat 1.007 grads 171270 ESS/grad*1e3 4.658 h [0.10695819423088639, 0.11865326101101861, 0.08862190903322112, 0.10314820726737596] caps [0, 0, 0, 0] (1s)
[17:50:14] sblrc__blr mean-accept 80101: mean-accept seed 80101: wall 0.9s min bulk ESS 269 rhat 1.021 grads 550669 ESS/grad*1e3 0.489 h [0.004037278214557466, 0.003228307804074649, 0.003910490459307968, 0.0032680566365404402] caps [0, 0, 0, (2s)
[17:50:16] sblrc__blr ramp 80101: ramp seed 80101: wall 0.7s min bulk ESS 324 rhat 1.018 grads 572393 ESS/grad*1e3 0.566 h [0.0036679068649478467, 0.0035975095005511904, 0.0034773319435902413, 0.0035597156883660844] caps [0, 0, 0, 0] (2s)
[17:50:18] sblrc__blr research 80101: research seed 80101: wall 0.8s min bulk ESS 278 rhat 1.008 grads 565313 ESS/grad*1e3 0.492 h [0.0035131498196369075, 0.0038250845899728218, 0.003393049431571127, 0.003938804995707751] caps [0, 0, 0, 0 (2s)
[17:50:19] sblrc__blr research+floor-rel:0.5 80101: research+floor-rel:0.5 seed 80101: wall 0.6s min bulk ESS 80 rhat 1.068 grads 398732 ESS/grad*1e3 0.201 h [0.005726372955726606, 0.00332998807316834, 0.003434097346493921, 0.005622099103668495] caps [ (2s)
[17:50:21] sblrc__blr shrink:10 80101: shrink:10 seed 80101: wall 0.8s min bulk ESS 307 rhat 1.008 grads 577768 ESS/grad*1e3 0.532 h [0.003597222259053122, 0.0036426612576877203, 0.003422790824202886, 0.0033895925516503004] caps [0, 0, 0,  (2s)
[17:50:24] sblrc__blr stan-style 80101: stan-style seed 80101: wall 0.3s min bulk ESS 582 rhat 1.005 grads 189950 ESS/grad*1e3 3.063 h [0.21579968585491063, 0.09524927342219737, 0.11999718839796082, 0.11007499142798785] caps [0, 0, 0, 0] (3s)
[17:50:32] cmdstan sblrc__blr 80101: sblrc__blr 80101: h ['0.1239', '0.1154', '0.1341', '0.1156'] min bulk ESS 815 grads 118136 ESS/grad*1e3 6.899 caps 0 wall 1s
[17:50:35] sblrc__blr baseline 80102: baseline seed 80102: wall 1.3s min bulk ESS 289 rhat 1.023 grads 548740 ESS/grad*1e3 0.527 h [0.0037409893865859582, 0.0036859562513092345, 0.0037942941835350207, 0.003984853014809407] caps [0, 0, 0,  (3s)
[17:50:37] sblrc__blr reg 80102: reg seed 80102: wall 0.6s min bulk ESS 596 rhat 1.011 grads 169016 ESS/grad*1e3 3.526 h [0.10258484243834456, 0.10504537712151622, 0.09421486125942054, 0.10494740802404003] caps [0, 0, 0, 0] (2s)
[17:50:39] sblrc__blr reg+ramp 80102: reg+ramp seed 80102: wall 0.6s min bulk ESS 731 rhat 1.002 grads 197198 ESS/grad*1e3 3.705 h [0.09889355090340357, 0.004057317211679127, 0.09595168043911723, 0.09333114317000503] caps [0, 0, 0, 0] (2s)
[17:50:40] sblrc__blr reg+research 80102: reg+research seed 80102: wall 0.2s min bulk ESS 725 rhat 1.003 grads 178576 ESS/grad*1e3 4.059 h [0.10790828987957678, 0.11388922434561362, 0.1089919376371181, 0.12311505209776065] caps [0, 0, 0, 0] (1s)
[17:50:43] sblrc__blr mean-accept 80102: mean-accept seed 80102: wall 0.8s min bulk ESS 263 rhat 1.014 grads 574145 ESS/grad*1e3 0.458 h [0.003388202011028261, 0.0032621549581620473, 0.0032563207594537135, 0.0038245622111174543] caps [0, 0,  (3s)
[17:50:45] sblrc__blr ramp 80102: ramp seed 80102: wall 0.7s min bulk ESS 307 rhat 1.009 grads 575759 ESS/grad*1e3 0.533 h [0.0036500924335421524, 0.003211971867368055, 0.0036151321996850004, 0.003648236799797812] caps [0, 0, 0, 0] (2s)
[17:50:46] sblrc__blr research 80102: research seed 80102: wall 0.6s min bulk ESS 323 rhat 1.013 grads 595745 ESS/grad*1e3 0.542 h [0.0031621689107834703, 0.0029753650923238302, 0.002999952634316506, 0.003099652737428387] caps [0, 0, 0, 0 (1s)
[17:50:47] sblrc__blr research+floor-rel:0.5 80102: research+floor-rel:0.5 seed 80102: wall 0.5s min bulk ESS 203 rhat 1.015 grads 436883 ESS/grad*1e3 0.464 h [0.004996597810996904, 0.003364816484322004, 0.004020817645917096, 0.003798482006809712] caps (1s)
[17:50:49] sblrc__blr shrink:10 80102: shrink:10 seed 80102: wall 0.7s min bulk ESS 167 rhat 1.029 grads 514980 ESS/grad*1e3 0.324 h [0.0035814942471256855, 0.0032456091983583714, 0.004206290658503275, 0.004096974314712716] caps [0, 0, 0,  (1s)
[17:50:49] sblrc__blr stan-style 80102: stan-style seed 80102: wall 0.2s min bulk ESS 641 rhat 1.004 grads 186823 ESS/grad*1e3 3.430 h [0.14233216511660582, 0.09982205273144297, 0.13080294920454405, 0.10214099678073346] caps [0, 0, 0, 0] (1s)
[17:50:52] cmdstan sblrc__blr 80102: sblrc__blr 80102: h ['0.1003', '0.1071', '0.1137', '0.1126'] min bulk ESS 899 grads 122505 ESS/grad*1e3 7.336 caps 0 wall 0s
[17:51:49] earnings__logearn_interaction baseline 80101: baseline seed 80101: wall 56.5s min bulk ESS 1094 rhat 1.003 grads 4927425 ESS/grad*1e3 0.222 h [0.002721231404917733, 0.0031752840947631383, 0.0031189409324932607, 0.00304819458147828] caps [168, 93, (57s)
[17:51:54] earnings__logearn_interaction reg 80101: reg seed 80101: wall 4.7s min bulk ESS 164 rhat 1.019 grads 390799 ESS/grad*1e3 0.420 h [0.012877557812510359, 0.01585957108066174, 0.01528392481185161, 0.018708113342331127] caps [0, 0, 0, 0] (5s)
[17:52:00] earnings__logearn_interaction reg+ramp 80101: reg+ramp seed 80101: wall 5.6s min bulk ESS 126 rhat 1.043 grads 445066 ESS/grad*1e3 0.284 h [0.01680326570742042, 0.013642565005963458, 0.018427533942362094, 0.016770196801840984] caps [0, 0, 0, 0] (6s)
[17:52:06] earnings__logearn_interaction reg+research 80101: reg+research seed 80101: wall 5.2s min bulk ESS 260 rhat 1.014 grads 442846 ESS/grad*1e3 0.588 h [0.014577775806372926, 0.014923187765741914, 0.018656487325512876, 0.016437186742844473] caps [0, 0, 0, (6s)
[17:53:11] earnings__logearn_interaction mean-accept 80101: mean-accept seed 80101: wall 63.8s min bulk ESS 906 rhat 1.006 grads 4836493 ESS/grad*1e3 0.187 h [0.003701551275512771, 0.003446588023004079, 0.0025767957266446292, 0.002733059679002724] caps [45, 14 (64s)
[17:54:09] earnings__logearn_interaction ramp 80101: ramp seed 80101: wall 57.4s min bulk ESS 1038 rhat 1.004 grads 5155591 ESS/grad*1e3 0.201 h [0.0030302806037525386, 0.0029195396833921724, 0.003207511248517647, 0.003298514713073082] caps [110, 165, 5 (58s)
[17:55:08] earnings__logearn_interaction research 80101: research seed 80101: wall 57.9s min bulk ESS 656 rhat 1.007 grads 4758647 ESS/grad*1e3 0.138 h [0.0037537258463416485, 0.003174079799324565, 0.0032901246233470655, 0.0032920810633967103] caps [33, 125 (58s)
[17:56:00] earnings__logearn_interaction research+floor-rel:0.5 80101: research+floor-rel:0.5 seed 80101: wall 51.8s min bulk ESS 916 rhat 1.006 grads 4792310 ESS/grad*1e3 0.191 h [0.003058340731573601, 0.002814254582573245, 0.0034366224145880022, 0.002846927906233439] c (52s)
[17:56:40] earnings__logearn_interaction shrink:10 80101: shrink:10 seed 80101: wall 39.5s min bulk ESS 793 rhat 1.004 grads 3542933 ESS/grad*1e3 0.224 h [0.002805771345947954, 0.0036004851618170303, 0.0036024456851380645, 0.0035079591434904844] caps [0, 8,  (40s)
[17:56:45] earnings__logearn_interaction stan-style 80101: stan-style seed 80101: wall 5.0s min bulk ESS 39 rhat 1.085 grads 400522 ESS/grad*1e3 0.096 h [0.015391399597390084, 0.013816020326944949, 0.025784287942709455, 0.03632901525869261] caps [0, 0, 0, 0] (5s)
[17:57:01] cmdstan earnings__logearn_interaction 80101: earnings__logearn_interaction 80101: h ['0.01699', '0.01653', '0.01636', '0.01843'] min bulk ESS 1037 grads 1284414 ESS/grad*1e3 0.807 caps 0 wall 13s
[17:57:52] earnings__logearn_interaction baseline 80102: baseline seed 80102: wall 50.5s min bulk ESS 806 rhat 1.005 grads 4636493 ESS/grad*1e3 0.174 h [0.0036351826461912254, 0.003330333036964025, 0.003740957960175441, 0.003207645759674763] caps [30, 99, 5 (51s)
[17:58:01] earnings__logearn_interaction reg 80102: reg seed 80102: wall 8.5s min bulk ESS 179 rhat 1.021 grads 542529 ESS/grad*1e3 0.330 h [0.020606055002765796, 0.006018245911009558, 0.012470894576690327, 0.014639303937781982] caps [0, 0, 0, 0] (9s)
[17:58:06] earnings__logearn_interaction reg+ramp 80102: reg+ramp seed 80102: wall 5.2s min bulk ESS 264 rhat 1.017 grads 448341 ESS/grad*1e3 0.589 h [0.013773358644490807, 0.013483155662539175, 0.019123983947304826, 0.017266694866493577] caps [0, 0, 0, 0] (6s)
[17:58:13] earnings__logearn_interaction reg+research 80102: reg+research seed 80102: wall 6.1s min bulk ESS 168 rhat 1.031 grads 488378 ESS/grad*1e3 0.344 h [0.014421662627552059, 0.015763063671745847, 0.016323281590973866, 0.015233857162442549] caps [0, 0, 0, (7s)
[17:59:02] earnings__logearn_interaction mean-accept 80102: mean-accept seed 80102: wall 48.3s min bulk ESS 922 rhat 1.004 grads 4493240 ESS/grad*1e3 0.205 h [0.003924439866108507, 0.003196869278379279, 0.0031669288877233526, 0.00405221879005215] caps [8, 103, (49s)
[17:59:57] earnings__logearn_interaction ramp 80102: ramp seed 80102: wall 54.6s min bulk ESS 1257 rhat 1.004 grads 5281303 ESS/grad*1e3 0.238 h [0.0030660616877112154, 0.003068755908001931, 0.003090558011240366, 0.0026623155246269657] caps [107, 136, 1 (55s)
[18:00:59] earnings__logearn_interaction research 80102: research seed 80102: wall 61.2s min bulk ESS 632 rhat 1.007 grads 5229790 ESS/grad*1e3 0.121 h [0.003125993804376322, 0.0028928091159016256, 0.0033463539128424573, 0.003061877726478594] caps [115, 91, (62s)
[18:01:54] earnings__logearn_interaction research+floor-rel:0.5 80102: research+floor-rel:0.5 seed 80102: wall 55.1s min bulk ESS 661 rhat 1.008 grads 4599697 ESS/grad*1e3 0.144 h [0.00365000614922912, 0.0032251953779546135, 0.004974199670255576, 0.004122942532165089] ca (56s)
[18:02:39] earnings__logearn_interaction shrink:10 80102: shrink:10 seed 80102: wall 44.4s min bulk ESS 716 rhat 1.005 grads 3686260 ESS/grad*1e3 0.194 h [0.0031850373742224997, 0.0030561324768352553, 0.0031659894051378526, 0.00326306130122641] caps [83, 117 (45s)
[18:02:45] earnings__logearn_interaction stan-style 80102: stan-style seed 80102: wall 5.6s min bulk ESS 91 rhat 1.054 grads 450581 ESS/grad*1e3 0.202 h [0.022597135418693657, 0.020689862180694123, 0.018828593152842143, 0.029369244094090786] caps [0, 0, 0, 0] (6s)
[18:03:02] cmdstan earnings__logearn_interaction 80102: earnings__logearn_interaction 80102: h ['0.01495', '0.01684', '0.01757', '0.01881'] min bulk ESS 1055 grads 1372555 ESS/grad*1e3 0.769 caps 0 wall 14s
[18:04:33] diamonds__diamonds baseline 80101: baseline seed 80101: wall 90.5s min bulk ESS 890 rhat 1.006 grads 5112628 ESS/grad*1e3 0.174 h [0.002877157565606595, 0.0035321868132006974, 0.0034827982087748187, 0.003490798533137103] caps [275, 175 (91s)
[18:05:35] diamonds__diamonds reg 80101: reg seed 80101: wall 60.9s min bulk ESS 812 rhat 1.006 grads 4791183 ESS/grad*1e3 0.170 h [0.0030014004888220254, 0.003983530058945817, 0.003270165418513025, 0.0030040890973041007] caps [285, 122, 265 (62s)
[18:06:41] diamonds__diamonds reg+ramp 80101: reg+ramp seed 80101: wall 65.5s min bulk ESS 770 rhat 1.012 grads 4827226 ESS/grad*1e3 0.160 h [0.003269550135622746, 0.003367230411957604, 0.003820840613214282, 0.0034693222347680066] caps [224, 250, (66s)
[18:07:43] diamonds__diamonds reg+research 80101: reg+research seed 80101: wall 61.9s min bulk ESS 852 rhat 1.007 grads 4766310 ESS/grad*1e3 0.179 h [0.004370734279149665, 0.00342523322623624, 0.003520655411461592, 0.003071576271886334] caps [162, 17 (63s)
[18:08:45] diamonds__diamonds mean-accept 80101: mean-accept seed 80101: wall 60.8s min bulk ESS 612 rhat 1.005 grads 4483610 ESS/grad*1e3 0.136 h [0.003998729459474697, 0.004477286894642876, 0.00350259516152531, 0.0036664931845027315] caps [101, 66 (61s)
[18:09:50] diamonds__diamonds ramp 80101: ramp seed 80101: wall 65.1s min bulk ESS 954 rhat 1.005 grads 5165178 ESS/grad*1e3 0.185 h [0.0030897140727856698, 0.003549617593120885, 0.003280821645528933, 0.003458724535594093] caps [223, 196, 195 (66s)
[18:10:54] diamonds__diamonds research 80101: research seed 80101: wall 63.1s min bulk ESS 892 rhat 1.003 grads 5149221 ESS/grad*1e3 0.173 h [0.00340620120536109, 0.0033694075473172857, 0.0032582240015327788, 0.0033947580376601444] caps [197, 204 (64s)
[18:11:56] diamonds__diamonds research+floor-rel:0.5 80101: research+floor-rel:0.5 seed 80101: wall 61.5s min bulk ESS 610 rhat 1.007 grads 4140771 ESS/grad*1e3 0.147 h [0.003344045767575542, 0.01371052774793723, 0.003419679622743185, 0.002652965868960324] cap (62s)
[18:12:56] diamonds__diamonds shrink:10 80101: shrink:10 seed 80101: wall 59.1s min bulk ESS 893 rhat 1.006 grads 4761103 ESS/grad*1e3 0.187 h [0.0037653561739983184, 0.0032764271887359415, 0.0029767102266331233, 0.0032222829657774102] caps [162,  (60s)
[18:13:55] diamonds__diamonds stan-style 80101: stan-style seed 80101: wall 58.1s min bulk ESS 722 rhat 1.005 grads 4454843 ESS/grad*1e3 0.162 h [0.004122758429237711, 0.004267573395472673, 0.0036624962739457067, 0.0032064353855555923] caps [134, 1 (59s)
[18:15:27] cmdstan diamonds__diamonds 80101: diamonds__diamonds 80101: h ['0.0038', '0.003969', '0.003937', '0.003753'] min bulk ESS 1676 grads 6377204 ESS/grad*1e3 0.263 caps 3159 wall 76s
[18:16:30] diamonds__diamonds baseline 80102: baseline seed 80102: wall 62.3s min bulk ESS 871 rhat 1.005 grads 5105285 ESS/grad*1e3 0.171 h [0.0034618861208150814, 0.003517533942749104, 0.00308007654271705, 0.003348346131478583] caps [182, 173,  (63s)
[18:17:32] diamonds__diamonds reg 80102: reg seed 80102: wall 61.4s min bulk ESS 692 rhat 1.007 grads 4955561 ESS/grad*1e3 0.140 h [0.0035205883760351126, 0.0032099769988387723, 0.003357854406166894, 0.003135730693697232] caps [210, 247, 235 (62s)
[18:18:32] diamonds__diamonds reg+ramp 80102: reg+ramp seed 80102: wall 58.8s min bulk ESS 7 rhat 1.601 grads 3833795 ESS/grad*1e3 0.002 h [0.003496477158034257, 0.00639074444741158, 0.004180779904541082, 0.003944874928451185] caps [259, 0, 136,  (59s)
[18:19:33] diamonds__diamonds reg+research 80102: reg+research seed 80102: wall 60.1s min bulk ESS 881 rhat 1.006 grads 4715120 ESS/grad*1e3 0.187 h [0.0039150309214789495, 0.003330079977621913, 0.003119428347758704, 0.0034551660880487384] caps [147, (61s)
[18:20:37] diamonds__diamonds mean-accept 80102: mean-accept seed 80102: wall 63.9s min bulk ESS 886 rhat 1.009 grads 4566561 ESS/grad*1e3 0.194 h [0.004050466891642518, 0.0027249096099179484, 0.004672379943965115, 0.003943870153554309] caps [130, 3 (64s)
[18:21:45] diamonds__diamonds ramp 80102: ramp seed 80102: wall 66.8s min bulk ESS 948 rhat 1.004 grads 5023399 ESS/grad*1e3 0.189 h [0.0033596222510458977, 0.0029909515914777365, 0.0033384550176647114, 0.003213436325717614] caps [169, 258, 2 (67s)
[18:22:54] diamonds__diamonds research 80102: research seed 80102: wall 69.2s min bulk ESS 817 rhat 1.005 grads 5138264 ESS/grad*1e3 0.159 h [0.003121653405969719, 0.0031237254392178235, 0.0030769598976139573, 0.0034809284040033133] caps [236, 24 (70s)
[18:23:53] diamonds__diamonds research+floor-rel:0.5 80102: research+floor-rel:0.5 seed 80102: wall 58.4s min bulk ESS 807 rhat 1.005 grads 4276962 ESS/grad*1e3 0.189 h [0.004048495411077995, 0.003383407694245053, 0.004460015850193837, 0.005314400730663287] ca (59s)
[18:24:54] diamonds__diamonds shrink:10 80102: shrink:10 seed 80102: wall 59.5s min bulk ESS 776 rhat 1.011 grads 4540859 ESS/grad*1e3 0.171 h [0.003222539878571799, 0.003183726608355845, 0.0036894786290150097, 0.003115738100587661] caps [248, 176 (60s)
[18:25:55] diamonds__diamonds stan-style 80102: stan-style seed 80102: wall 60.7s min bulk ESS 859 rhat 1.005 grads 4436791 ESS/grad*1e3 0.194 h [0.004208490885019084, 0.004656645455285566, 0.0044276303255780455, 0.0027724177330817265] caps [142, 8 (61s)
[18:27:23] cmdstan diamonds__diamonds 80102: diamonds__diamonds 80102: h ['0.00367', '0.003613', '0.003828', '0.003594'] min bulk ESS 1245 grads 6544649 ESS/grad*1e3 0.190 caps 3459 wall 86s
[18:27:24] arma__arma11 baseline 80101: baseline seed 80101: wall 0.3s min bulk ESS 1104 rhat 1.004 grads 114788 ESS/grad*1e3 9.622 h [0.10921691795105504, 0.05929402958571299, 0.11369645293391996, 0.09719194842407605] caps [0, 0, 0, 0] (1s)
[18:27:25] arma__arma11 reg 80101: reg seed 80101: wall 0.3s min bulk ESS 1637 rhat 1.001 grads 76971 ESS/grad*1e3 21.263 h [0.6680938587707266, 0.02970421102520476, 0.7952352071691333, 0.7616457881152329] caps [0, 0, 0, 0] (1s)
[18:27:26] arma__arma11 reg+ramp 80101: reg+ramp seed 80101: wall 0.3s min bulk ESS 1572 rhat 1.001 grads 80040 ESS/grad*1e3 19.637 h [0.6504748828822311, 0.02970421102520476, 0.7632062783782535, 0.8196543812543016] caps [0, 0, 0, 0] (1s)
[18:27:27] arma__arma11 reg+research 80101: reg+research seed 80101: wall 0.3s min bulk ESS 2920 rhat 1.001 grads 81016 ESS/grad*1e3 36.038 h [0.722661670120028, 0.8592247870700205, 0.7384416355412082, 0.7081276865515852] caps [0, 0, 0, 0] (1s)
[18:27:27] arma__arma11 mean-accept 80101: mean-accept seed 80101: wall 0.4s min bulk ESS 1383 rhat 1.002 grads 119445 ESS/grad*1e3 11.576 h [0.11752427071548117, 0.1213193413957226, 0.13548663006858477, 0.16022252788844904] caps [0, 0, 0, 0] (1s)
[18:27:29] arma__arma11 ramp 80101: ramp seed 80101: wall 0.3s min bulk ESS 1282 rhat 1.003 grads 118825 ESS/grad*1e3 10.793 h [0.10159368299189113, 0.05929402958571299, 0.11520272571730937, 0.09916533971801327] caps [0, 0, 0, 0] (1s)
[18:27:29] arma__arma11 research 80101: research seed 80101: wall 0.3s min bulk ESS 1542 rhat 1.001 grads 130042 ESS/grad*1e3 11.861 h [0.10405987044560285, 0.12209747708815627, 0.09538500475074443, 0.09957019942523676] caps [0, 0, 0, 0] (1s)
[18:27:30] arma__arma11 research+floor-rel:0.5 80101: research+floor-rel:0.5 seed 80101: wall 0.6s min bulk ESS 1008 rhat 1.010 grads 159189 ESS/grad*1e3 6.335 h [0.11335397629400303, 0.07237393337435241, 0.09999583434245063, 0.4099873154109832] caps [0, (1s)
[18:27:31] arma__arma11 shrink:10 80101: shrink:10 seed 80101: wall 0.3s min bulk ESS 7 rhat 1.527 grads 99716 ESS/grad*1e3 0.073 h [0.07864618092849063, 5.000000000000001e-7, 0.11006518178245332, 0.12609337036729834] caps [0, 0, 0, 0] (1s)
[18:27:32] arma__arma11 stan-style 80101: stan-style seed 80101: wall 0.3s min bulk ESS 2405 rhat 1.004 grads 83065 ESS/grad*1e3 28.953 h [0.7333090251547739, 1.523656742467758, 0.7607453178843606, 1.1192161619790166] caps [0, 0, 0, 0] (1s)
[18:27:34] cmdstan arma__arma11 80101: arma__arma11 80101: h ['0.7053', '0.1274', '0.8052', '0.6932'] min bulk ESS 2588 grads 52660 ESS/grad*1e3 49.147 caps 0 wall 0s
[18:27:35] arma__arma11 baseline 80102: baseline seed 80102: wall 0.2s min bulk ESS 1658 rhat 1.002 grads 100166 ESS/grad*1e3 16.549 h [0.09947498463426309, 0.11456419384741752, 0.11947933988884653, 0.09130813993873942] caps [0, 0, 0, 0] (1s)
[18:27:36] arma__arma11 reg 80102: reg seed 80102: wall 0.1s min bulk ESS 2875 rhat 1.002 grads 53930 ESS/grad*1e3 53.312 h [0.6370867867906357, 0.7059774058353246, 0.7154083983565797, 0.7321379130800011] caps [0, 0, 0, 0] (1s)
[18:27:37] arma__arma11 reg+ramp 80102: reg+ramp seed 80102: wall 0.2s min bulk ESS 2821 rhat 1.003 grads 63881 ESS/grad*1e3 44.158 h [0.7325733560198853, 0.6765444470454579, 0.6845529685289534, 0.743113780086014] caps [0, 0, 0, 0] (1s)
[18:27:38] arma__arma11 reg+research 80102: reg+research seed 80102: wall 1.0s min bulk ESS 2695 rhat 1.001 grads 300273 ESS/grad*1e3 8.976 h [0.7043514422320962, 0.6986954812113859, 0.6698420317291756, 0.64878067997747] caps [0, 0, 0, 0] (2s)
[18:27:39] arma__arma11 mean-accept 80102: mean-accept seed 80102: wall 0.2s min bulk ESS 1496 rhat 1.002 grads 99358 ESS/grad*1e3 15.054 h [0.16516301798922703, 0.14001945861932283, 0.10009958602134023, 0.11407885624730987] caps [0, 0, 0, 0] (1s)
[18:27:40] arma__arma11 ramp 80102: ramp seed 80102: wall 0.3s min bulk ESS 1599 rhat 1.001 grads 102765 ESS/grad*1e3 15.556 h [0.109148382639205, 0.11679996247039451, 0.09625296111073363, 0.0979584864531961] caps [0, 0, 0, 0] (1s)
[18:27:41] arma__arma11 research 80102: research seed 80102: wall 1.1s min bulk ESS 1621 rhat 1.004 grads 343584 ESS/grad*1e3 4.719 h [0.10437569977726155, 0.10911521451127555, 0.12074258697741933, 0.10962080246329388] caps [0, 0, 0, 0] (2s)
[18:27:43] arma__arma11 research+floor-rel:0.5 80102: research+floor-rel:0.5 seed 80102: wall 1.1s min bulk ESS 1379 rhat 1.004 grads 332086 ESS/grad*1e3 4.154 h [0.09432011652821715, 0.12414130010952702, 0.195376440893241, 0.15113202817055485] caps [0,  (2s)
[18:27:44] arma__arma11 shrink:10 80102: shrink:10 seed 80102: wall 0.2s min bulk ESS 7 rhat 1.530 grads 104743 ESS/grad*1e3 0.069 h [5.000000000000001e-7, 0.11411072169615478, 0.10086250420121755, 0.10566527164613182] caps [0, 0, 0, 0] (1s)
[18:27:45] arma__arma11 stan-style 80102: stan-style seed 80102: wall 1.1s min bulk ESS 2801 rhat 1.001 grads 302618 ESS/grad*1e3 9.256 h [0.9878321559151151, 0.7451536271031296, 1.5870504222095954, 0.9135951798789073] caps [0, 0, 0, 0] (2s)
[18:27:48] cmdstan arma__arma11 80102: arma__arma11 80102: h ['0.6722', '0.7042', '0.8117', '0.6883'] min bulk ESS 3493 grads 46294 ESS/grad*1e3 75.451 caps 0 wall 0s
[18:27:50] kidiq__kidscore_momhsiq baseline 80101: baseline seed 80101: wall 1.5s min bulk ESS 906 rhat 1.003 grads 466422 ESS/grad*1e3 1.942 h [0.052315085319801904, 0.06726723457208027, 0.0648591888996764, 0.07363071303575819] caps [0, 0, 0, 0] (2s)
[18:27:51] kidiq__kidscore_momhsiq reg 80101: reg seed 80101: wall 0.8s min bulk ESS 599 rhat 1.007 grads 239299 ESS/grad*1e3 2.503 h [0.10677803859515983, 0.11415986235150008, 0.09869422782630788, 0.10006526609453453] caps [0, 0, 0, 0] (1s)
[18:27:52] kidiq__kidscore_momhsiq reg+ramp 80101: reg+ramp seed 80101: wall 0.7s min bulk ESS 456 rhat 1.009 grads 210896 ESS/grad*1e3 2.164 h [0.07919338644850979, 0.05870481996301191, 0.11358122096079476, 0.09159815336025096] caps [0, 0, 0, 0] (1s)
[18:27:54] kidiq__kidscore_momhsiq reg+research 80101: reg+research seed 80101: wall 0.8s min bulk ESS 528 rhat 1.007 grads 255268 ESS/grad*1e3 2.067 h [0.10132828842014924, 0.08201072479817745, 0.08807223826029523, 0.11698509636835953] caps [0, 0, 0, 0] (1s)
[18:27:56] kidiq__kidscore_momhsiq mean-accept 80101: mean-accept seed 80101: wall 1.3s min bulk ESS 948 rhat 1.006 grads 433428 ESS/grad*1e3 2.186 h [0.07644797942839394, 0.06572005028094922, 0.08366444687376948, 0.0600715165835467] caps [0, 0, 0, 0] (2s)
[18:27:57] kidiq__kidscore_momhsiq ramp 80101: ramp seed 80101: wall 1.2s min bulk ESS 1038 rhat 1.006 grads 396577 ESS/grad*1e3 2.617 h [0.06918926674268722, 0.06424228784208338, 0.05881858312040206, 0.05666689805604132] caps [0, 0, 0, 0] (2s)
[18:27:59] kidiq__kidscore_momhsiq research 80101: research seed 80101: wall 1.4s min bulk ESS 691 rhat 1.006 grads 449987 ESS/grad*1e3 1.536 h [0.06841353554897052, 0.07231101578182378, 0.06359458641957397, 0.05809926955766444] caps [0, 0, 0, 0] (2s)
[18:28:01] kidiq__kidscore_momhsiq research+floor-rel:0.5 80101: research+floor-rel:0.5 seed 80101: wall 1.3s min bulk ESS 569 rhat 1.007 grads 398142 ESS/grad*1e3 1.428 h [0.066879618921593, 0.06135290013872281, 0.1638818645453352, 0.05906785340615718] caps [0, 0, (2s)
[18:28:03] kidiq__kidscore_momhsiq shrink:10 80101: shrink:10 seed 80101: wall 1.2s min bulk ESS 863 rhat 1.007 grads 365846 ESS/grad*1e3 2.358 h [0.06618446316359738, 0.06084455895196491, 0.0631436187542594, 0.0754425290856355] caps [0, 0, 0, 0] (2s)
[18:28:04] kidiq__kidscore_momhsiq stan-style 80101: stan-style seed 80101: wall 0.7s min bulk ESS 252 rhat 1.024 grads 235101 ESS/grad*1e3 1.071 h [0.22152092484131383, 0.09506761265761621, 0.10746789660696282, 0.10731138345206079] caps [0, 0, 0, 0] (1s)
[18:28:18] cmdstan kidiq__kidscore_momhsiq 80101: kidiq__kidscore_momhsiq 80101: h ['0.1142', '0.1068', '0.1126', '0.09217'] min bulk ESS 1560 grads 350742 ESS/grad*1e3 4.447 caps 0 wall 1s
[18:28:19] kidiq__kidscore_momhsiq baseline 80102: baseline seed 80102: wall 1.4s min bulk ESS 1056 rhat 1.004 grads 435646 ESS/grad*1e3 2.425 h [0.06735753905811998, 0.06306890379052761, 0.053610428052663035, 0.06749881228867212] caps [0, 0, 0, 0] (2s)
[18:28:21] kidiq__kidscore_momhsiq reg 80102: reg seed 80102: wall 0.8s min bulk ESS 483 rhat 1.008 grads 226643 ESS/grad*1e3 2.132 h [0.1123765963756602, 0.09242084337220692, 0.09344988748671054, 0.11007095536356613] caps [0, 0, 0, 0] (1s)
[18:28:22] kidiq__kidscore_momhsiq reg+ramp 80102: reg+ramp seed 80102: wall 0.8s min bulk ESS 486 rhat 1.012 grads 242287 ESS/grad*1e3 2.005 h [0.11134901794357316, 0.10739847062017958, 0.09394666292298863, 0.12101078692478172] caps [0, 0, 0, 0] (1s)
[18:28:23] kidiq__kidscore_momhsiq reg+research 80102: reg+research seed 80102: wall 0.9s min bulk ESS 422 rhat 1.007 grads 251680 ESS/grad*1e3 1.676 h [0.07651696328319237, 0.1117332409331516, 0.08962925181814274, 0.08908682652455394] caps [0, 0, 0, 0] (1s)
[18:28:25] kidiq__kidscore_momhsiq mean-accept 80102: mean-accept seed 80102: wall 1.3s min bulk ESS 544 rhat 1.011 grads 439611 ESS/grad*1e3 1.237 h [0.07636897333223211, 0.0709436826114448, 0.059446809524422696, 0.14264678745443116] caps [0, 0, 0, 0] (2s)
[18:28:27] kidiq__kidscore_momhsiq ramp 80102: ramp seed 80102: wall 1.5s min bulk ESS 893 rhat 1.003 grads 479775 ESS/grad*1e3 1.861 h [0.062341085123992196, 0.05236752825327796, 0.053100934972110964, 0.06219952561202084] caps [0, 0, 0, 0] (2s)
[18:28:29] kidiq__kidscore_momhsiq research 80102: research seed 80102: wall 1.4s min bulk ESS 923 rhat 1.004 grads 471992 ESS/grad*1e3 1.956 h [0.060115977284310194, 0.058014365379574426, 0.06286114387859047, 0.06595867006010879] caps [0, 0, 0, 0] (2s)
[18:28:31] kidiq__kidscore_momhsiq research+floor-rel:0.5 80102: research+floor-rel:0.5 seed 80102: wall 1.2s min bulk ESS 710 rhat 1.006 grads 371078 ESS/grad*1e3 1.914 h [0.1081870347030369, 0.07350601649536712, 0.06094492538171153, 0.07829821898935774] caps [0,  (2s)
[18:28:32] kidiq__kidscore_momhsiq shrink:10 80102: shrink:10 seed 80102: wall 1.2s min bulk ESS 875 rhat 1.006 grads 375864 ESS/grad*1e3 2.329 h [0.05776102233382942, 0.05564304522994486, 0.06057650153613743, 0.050341258667568785] caps [0, 0, 0, 0] (2s)
[18:28:34] kidiq__kidscore_momhsiq stan-style 80102: stan-style seed 80102: wall 0.8s min bulk ESS 547 rhat 1.009 grads 258993 ESS/grad*1e3 2.111 h [0.1003379880495263, 0.11886159147652876, 0.1375385523332747, 0.07315073549547596] caps [0, 0, 0, 0] (1s)
[18:28:37] cmdstan kidiq__kidscore_momhsiq 80102: kidiq__kidscore_momhsiq 80102: h ['0.1058', '0.1024', '0.09905', '0.09591'] min bulk ESS 1776 grads 362037 ESS/grad*1e3 4.907 caps 0 wall 1s
[18:28:38] mesquite__logmesquite_logvash baseline 80101: baseline seed 80101: wall 0.3s min bulk ESS 949 rhat 1.004 grads 327635 ESS/grad*1e3 2.897 h [0.06819345961614205, 0.07155487994868732, 0.07359781681801818, 0.07186948343665844] caps [0, 0, 0, 0] (1s)
[18:28:39] mesquite__logmesquite_logvash reg 80101: reg seed 80101: wall 0.3s min bulk ESS 969 rhat 1.005 grads 311514 ESS/grad*1e3 3.111 h [0.08643290393181878, 0.07908556661293399, 0.08646918693931693, 0.07417272657824825] caps [0, 0, 0, 0] (1s)
[18:28:40] mesquite__logmesquite_logvash reg+ramp 80101: reg+ramp seed 80101: wall 0.3s min bulk ESS 1096 rhat 1.008 grads 307764 ESS/grad*1e3 3.563 h [0.07738765135701163, 0.08389604896239825, 0.07224546039654291, 0.08937316150481514] caps [0, 0, 0, 0] (1s)
[18:28:40] mesquite__logmesquite_logvash reg+research 80101: reg+research seed 80101: wall 0.3s min bulk ESS 888 rhat 1.005 grads 327684 ESS/grad*1e3 2.709 h [0.07371735261234418, 0.08149790937000995, 0.07182378966646594, 0.0707141551448346] caps [0, 0, 0, 0] (1s)
[18:28:41] mesquite__logmesquite_logvash mean-accept 80101: mean-accept seed 80101: wall 0.3s min bulk ESS 906 rhat 1.005 grads 288627 ESS/grad*1e3 3.141 h [0.11031695734946564, 0.08748218097847252, 0.06398862736083356, 0.10476121316339497] caps [0, 0, 0, 0] (1s)
[18:28:42] mesquite__logmesquite_logvash ramp 80101: ramp seed 80101: wall 0.3s min bulk ESS 968 rhat 1.007 grads 315387 ESS/grad*1e3 3.069 h [0.07984073847815865, 0.06882677300824748, 0.07545220904115578, 0.07494325064763896] caps [0, 0, 0, 0] (1s)
[18:28:43] mesquite__logmesquite_logvash research 80101: research seed 80101: wall 0.3s min bulk ESS 1054 rhat 1.004 grads 327843 ESS/grad*1e3 3.215 h [0.0805777232399609, 0.0708524205804015, 0.07432245622501671, 0.07346383074198136] caps [0, 0, 0, 0] (1s)
[18:28:44] mesquite__logmesquite_logvash research+floor-rel:0.5 80101: research+floor-rel:0.5 seed 80101: wall 0.3s min bulk ESS 270 rhat 1.018 grads 262325 ESS/grad*1e3 1.030 h [0.07314996590833464, 0.17509402408568123, 0.08379418089675361, 0.3027376163606993] caps [0,  (1s)
[18:28:45] mesquite__logmesquite_logvash shrink:10 80101: shrink:10 seed 80101: wall 0.3s min bulk ESS 1140 rhat 1.003 grads 327416 ESS/grad*1e3 3.483 h [0.07111317178320485, 0.06661811077941901, 0.055345854134866986, 0.07847239775451528] caps [0, 0, 0, 0] (1s)
[18:28:46] mesquite__logmesquite_logvash stan-style 80101: stan-style seed 80101: wall 0.3s min bulk ESS 937 rhat 1.007 grads 299178 ESS/grad*1e3 3.134 h [0.10366266158922069, 0.07261328891633503, 0.08641608385805043, 0.1040534372229629] caps [0, 0, 0, 0] (1s)
[18:29:00] cmdstan mesquite__logmesquite_logvash 80101: mesquite__logmesquite_logvash 80101: h ['0.08349', '0.06817', '0.07955', '0.08715'] min bulk ESS 1491 grads 368478 ESS/grad*1e3 4.047 caps 0 wall 1s
[18:29:00] mesquite__logmesquite_logvash baseline 80102: baseline seed 80102: wall 0.3s min bulk ESS 929 rhat 1.004 grads 309876 ESS/grad*1e3 2.997 h [0.06538109220976152, 0.07772638017853387, 0.084839944409029, 0.07683786885174021] caps [0, 0, 0, 0] (1s)
[18:29:01] mesquite__logmesquite_logvash reg 80102: reg seed 80102: wall 0.3s min bulk ESS 835 rhat 1.004 grads 323473 ESS/grad*1e3 2.583 h [0.07327302403510634, 0.0809375615163588, 0.08825359848429674, 0.08170206824914462] caps [0, 0, 0, 0] (1s)
[18:29:02] mesquite__logmesquite_logvash reg+ramp 80102: reg+ramp seed 80102: wall 0.3s min bulk ESS 1050 rhat 1.006 grads 328964 ESS/grad*1e3 3.192 h [0.07254083411916787, 0.08378785032394406, 0.08401615477423297, 0.06312118000077527] caps [0, 0, 0, 0] (1s)
[18:29:03] mesquite__logmesquite_logvash reg+research 80102: reg+research seed 80102: wall 0.3s min bulk ESS 1080 rhat 1.008 grads 336212 ESS/grad*1e3 3.214 h [0.06862303112769302, 0.0768555303204418, 0.07466654956100469, 0.062476975331857955] caps [0, 0, 0, 0] (1s)
[18:29:04] mesquite__logmesquite_logvash mean-accept 80102: mean-accept seed 80102: wall 0.3s min bulk ESS 811 rhat 1.006 grads 325943 ESS/grad*1e3 2.488 h [0.07408492155021074, 0.0915289814239687, 0.07283562234987759, 0.06543376214571232] caps [0, 0, 0, 0] (1s)
[18:29:04] mesquite__logmesquite_logvash ramp 80102: ramp seed 80102: wall 0.3s min bulk ESS 1042 rhat 1.008 grads 338924 ESS/grad*1e3 3.074 h [0.0697852168311222, 0.06312311764943043, 0.06317170219705417, 0.06694665340548923] caps [0, 0, 0, 0] (1s)
[18:29:05] mesquite__logmesquite_logvash research 80102: research seed 80102: wall 0.3s min bulk ESS 1179 rhat 1.006 grads 360741 ESS/grad*1e3 3.268 h [0.06403180634142175, 0.05934355544641658, 0.05874026074922758, 0.06136153460966663] caps [0, 0, 0, 0] (1s)
[18:29:06] mesquite__logmesquite_logvash research+floor-rel:0.5 80102: research+floor-rel:0.5 seed 80102: wall 0.3s min bulk ESS 818 rhat 1.010 grads 273740 ESS/grad*1e3 2.990 h [0.07067565934015384, 0.1242554068762209, 0.05647020977105077, 0.0909502765988004] caps [0, 0 (1s)
[18:29:07] mesquite__logmesquite_logvash shrink:10 80102: shrink:10 seed 80102: wall 0.3s min bulk ESS 944 rhat 1.005 grads 306149 ESS/grad*1e3 3.082 h [0.06591256549415951, 0.08543961130997652, 0.09176830030748943, 0.06745894647338643] caps [0, 0, 0, 0] (1s)
[18:29:08] mesquite__logmesquite_logvash stan-style 80102: stan-style seed 80102: wall 0.3s min bulk ESS 682 rhat 1.006 grads 319672 ESS/grad*1e3 2.133 h [0.06282975533684021, 0.0756572474504418, 0.1068588704081432, 0.07888125455913661] caps [0, 0, 0, 0] (1s)
[18:29:10] cmdstan mesquite__logmesquite_logvash 80102: mesquite__logmesquite_logvash 80102: h ['0.07547', '0.07248', '0.07867', '0.07039'] min bulk ESS 1513 grads 388102 ESS/grad*1e3 3.898 caps 0 wall 0s
[18:29:15] nes2000__nes baseline 80101: baseline seed 80101: wall 4.0s min bulk ESS 918 rhat 1.006 grads 397498 ESS/grad*1e3 2.311 h [0.06934986412954716, 0.07971247946065076, 0.061174151659942076, 0.08001817309164005] caps [0, 0, 0, 0] (5s)
[18:29:19] nes2000__nes reg 80101: reg seed 80101: wall 3.3s min bulk ESS 932 rhat 1.004 grads 311871 ESS/grad*1e3 2.990 h [0.08120252344944241, 0.09329071099482882, 0.08641414592978451, 0.06490974069604048] caps [0, 0, 0, 0] (4s)
[18:29:23] nes2000__nes reg+ramp 80101: reg+ramp seed 80101: wall 3.3s min bulk ESS 930 rhat 1.004 grads 307064 ESS/grad*1e3 3.028 h [0.08102544630945145, 0.08242884519683598, 0.08088214268126219, 0.07471735875526685] caps [0, 0, 0, 0] (4s)
[18:29:26] nes2000__nes reg+research 80101: reg+research seed 80101: wall 3.1s min bulk ESS 955 rhat 1.004 grads 303604 ESS/grad*1e3 3.144 h [0.07693117082050743, 0.08003908146992433, 0.08371766348587555, 0.09018117619281382] caps [0, 0, 0, 0] (4s)
[18:29:31] nes2000__nes mean-accept 80101: mean-accept seed 80101: wall 4.2s min bulk ESS 740 rhat 1.005 grads 393873 ESS/grad*1e3 1.878 h [0.06866183417659628, 0.06449124312869811, 0.09226812940712512, 0.08263375716009223] caps [0, 0, 0, 0] (5s)
[18:29:35] nes2000__nes ramp 80101: ramp seed 80101: wall 4.1s min bulk ESS 1067 rhat 1.002 grads 411635 ESS/grad*1e3 2.593 h [0.0644401448640924, 0.06022536553685826, 0.06317397209884429, 0.05914294801017613] caps [0, 0, 0, 0] (5s)
[18:29:40] nes2000__nes research 80101: research seed 80101: wall 4.2s min bulk ESS 1021 rhat 1.003 grads 421505 ESS/grad*1e3 2.423 h [0.06829961463857982, 0.06215203271336766, 0.06268861538560445, 0.06567237554513992] caps [0, 0, 0, 0] (5s)
[18:29:45] nes2000__nes research+floor-rel:0.5 80101: research+floor-rel:0.5 seed 80101: wall 4.1s min bulk ESS 856 rhat 1.004 grads 357401 ESS/grad*1e3 2.396 h [0.08536252677577952, 0.07488049007055347, 0.07966513112578232, 0.05895549066459198] caps [0, (5s)
[18:29:49] nes2000__nes shrink:10 80101: shrink:10 seed 80101: wall 4.0s min bulk ESS 1026 rhat 1.004 grads 391587 ESS/grad*1e3 2.621 h [0.06892517290634191, 0.07134487169801614, 0.0697122945923906, 0.06530754185606456] caps [0, 0, 0, 0] (5s)
[18:29:53] nes2000__nes stan-style 80101: stan-style seed 80101: wall 3.6s min bulk ESS 946 rhat 1.005 grads 308098 ESS/grad*1e3 3.070 h [0.1133003868224343, 0.0639772925791067, 0.09116670320345543, 0.08698058262596477] caps [0, 0, 0, 0] (4s)
[18:30:12] cmdstan nes2000__nes 80101: nes2000__nes 80101: h ['0.0721', '0.07583', '0.07033', '0.08549'] min bulk ESS 2000 grads 415900 ESS/grad*1e3 4.809 caps 0 wall 5s
[18:30:17] nes2000__nes baseline 80102: baseline seed 80102: wall 4.6s min bulk ESS 1119 rhat 1.003 grads 423221 ESS/grad*1e3 2.645 h [0.06581924076275482, 0.05595078647706965, 0.07647845728781469, 0.059296055708282364] caps [0, 0, 0, 0] (5s)
[18:30:21] nes2000__nes reg 80102: reg seed 80102: wall 3.2s min bulk ESS 962 rhat 1.005 grads 305325 ESS/grad*1e3 3.150 h [0.07684969389896601, 0.091087716278017, 0.07527076797874789, 0.08161744820764906] caps [0, 0, 0, 0] (4s)
[18:30:25] nes2000__nes reg+ramp 80102: reg+ramp seed 80102: wall 3.3s min bulk ESS 975 rhat 1.006 grads 302292 ESS/grad*1e3 3.226 h [0.07822859378839289, 0.07419516551437881, 0.07963998540822217, 0.07948552936099895] caps [0, 0, 0, 0] (4s)
[18:30:28] nes2000__nes reg+research 80102: reg+research seed 80102: wall 3.1s min bulk ESS 648 rhat 1.008 grads 294008 ESS/grad*1e3 2.204 h [0.08388126833786294, 0.08113410394482463, 0.09425987821151856, 0.08596886189441037] caps [0, 0, 0, 0] (4s)
[18:30:33] nes2000__nes mean-accept 80102: mean-accept seed 80102: wall 4.0s min bulk ESS 919 rhat 1.006 grads 381852 ESS/grad*1e3 2.406 h [0.0741228032110288, 0.06928272660362296, 0.06748529025886019, 0.08616208038953965] caps [0, 0, 0, 0] (5s)
[18:30:38] nes2000__nes ramp 80102: ramp seed 80102: wall 4.3s min bulk ESS 1027 rhat 1.005 grads 423345 ESS/grad*1e3 2.426 h [0.06055962848459425, 0.06272266799263279, 0.05959110472331343, 0.05846755463671424] caps [0, 0, 0, 0] (5s)
[18:30:42] nes2000__nes research 80102: research seed 80102: wall 4.0s min bulk ESS 1225 rhat 1.003 grads 394527 ESS/grad*1e3 3.105 h [0.0676812847777683, 0.0694588880768654, 0.06807533597117844, 0.07610087473857455] caps [0, 0, 0, 0] (5s)
[18:30:46] nes2000__nes research+floor-rel:0.5 80102: research+floor-rel:0.5 seed 80102: wall 3.8s min bulk ESS 281 rhat 1.021 grads 317413 ESS/grad*1e3 0.886 h [0.08532966559706712, 0.07264665665229904, 0.1423988795615447, 0.05178031403653446] caps [0,  (4s)
[18:30:51] nes2000__nes shrink:10 80102: shrink:10 seed 80102: wall 4.1s min bulk ESS 872 rhat 1.004 grads 400556 ESS/grad*1e3 2.177 h [0.07499730526705917, 0.06671244667326313, 0.06324485793261699, 0.05414593485660249] caps [0, 0, 0, 0] (5s)
[18:30:55] nes2000__nes stan-style 80102: stan-style seed 80102: wall 3.6s min bulk ESS 841 rhat 1.007 grads 308610 ESS/grad*1e3 2.724 h [0.06968297098428279, 0.07301940889230935, 0.0978192849981436, 0.1054019831612377] caps [0, 0, 0, 0] (4s)
[18:31:02] cmdstan nes2000__nes 80102: nes2000__nes 80102: h ['0.07899', '0.06825', '0.07999', '0.08695'] min bulk ESS 2149 grads 403191 ESS/grad*1e3 5.329 caps 0 wall 4s
[18:31:02] TABLE_DONE
